Archive member included to satisfy reference by file (symbol)

/usr/lib/gcc/arm-none-eabi/9.2.1/thumb/v6-m/nofp/libgcc.a(_dvmd_tls.o)
                              CMakeFiles/main.dir/home/wsl/pico/pico-sdk/src/rp2_common/pico_divider/divider.S.obj (__aeabi_idiv0)
/usr/lib/gcc/arm-none-eabi/9.2.1/../../../arm-none-eabi/lib/thumb/v6-m/nofp/libg.a(lib_a-atexit.o)
                              /usr/lib/gcc/arm-none-eabi/9.2.1/../../../arm-none-eabi/lib/thumb/v6-m/nofp/crt0.o (atexit)
/usr/lib/gcc/arm-none-eabi/9.2.1/../../../arm-none-eabi/lib/thumb/v6-m/nofp/libg.a(lib_a-calloc.o)
                              CMakeFiles/main.dir/home/wsl/pico/pico-sdk/src/rp2_common/pico_malloc/pico_malloc.c.obj (calloc)
/usr/lib/gcc/arm-none-eabi/9.2.1/../../../arm-none-eabi/lib/thumb/v6-m/nofp/libg.a(lib_a-callocr.o)
                              /usr/lib/gcc/arm-none-eabi/9.2.1/../../../arm-none-eabi/lib/thumb/v6-m/nofp/libg.a(lib_a-calloc.o) (_calloc_r)
/usr/lib/gcc/arm-none-eabi/9.2.1/../../../arm-none-eabi/lib/thumb/v6-m/nofp/libg.a(lib_a-fini.o)
                              /usr/lib/gcc/arm-none-eabi/9.2.1/../../../arm-none-eabi/lib/thumb/v6-m/nofp/crt0.o (__libc_fini_array)
/usr/lib/gcc/arm-none-eabi/9.2.1/../../../arm-none-eabi/lib/thumb/v6-m/nofp/libg.a(lib_a-impure.o)
                              /usr/lib/gcc/arm-none-eabi/9.2.1/../../../arm-none-eabi/lib/thumb/v6-m/nofp/libg.a(lib_a-calloc.o) (_impure_ptr)
/usr/lib/gcc/arm-none-eabi/9.2.1/../../../arm-none-eabi/lib/thumb/v6-m/nofp/libg.a(lib_a-init.o)
                              /usr/lib/gcc/arm-none-eabi/9.2.1/../../../arm-none-eabi/lib/thumb/v6-m/nofp/crt0.o (__libc_init_array)
/usr/lib/gcc/arm-none-eabi/9.2.1/../../../arm-none-eabi/lib/thumb/v6-m/nofp/libg.a(lib_a-malloc.o)
                              CMakeFiles/main.dir/home/wsl/pico/pico-sdk/src/rp2_common/pico_malloc/pico_malloc.c.obj (malloc)
/usr/lib/gcc/arm-none-eabi/9.2.1/../../../arm-none-eabi/lib/thumb/v6-m/nofp/libg.a(lib_a-mallocr.o)
                              /usr/lib/gcc/arm-none-eabi/9.2.1/../../../arm-none-eabi/lib/thumb/v6-m/nofp/libg.a(lib_a-callocr.o) (_malloc_r)
/usr/lib/gcc/arm-none-eabi/9.2.1/../../../arm-none-eabi/lib/thumb/v6-m/nofp/libg.a(lib_a-mlock.o)
                              /usr/lib/gcc/arm-none-eabi/9.2.1/../../../arm-none-eabi/lib/thumb/v6-m/nofp/libg.a(lib_a-mallocr.o) (__malloc_lock)
/usr/lib/gcc/arm-none-eabi/9.2.1/../../../arm-none-eabi/lib/thumb/v6-m/nofp/libg.a(lib_a-sbrkr.o)
                              /usr/lib/gcc/arm-none-eabi/9.2.1/../../../arm-none-eabi/lib/thumb/v6-m/nofp/libg.a(lib_a-mallocr.o) (_sbrk_r)
/usr/lib/gcc/arm-none-eabi/9.2.1/../../../arm-none-eabi/lib/thumb/v6-m/nofp/libg.a(lib_a-strlen-stub.o)
                              CMakeFiles/main.dir/home/wsl/pico/pico-sdk/src/rp2_common/pico_stdio/stdio.c.obj (strlen)
/usr/lib/gcc/arm-none-eabi/9.2.1/../../../arm-none-eabi/lib/thumb/v6-m/nofp/libg.a(lib_a-__atexit.o)
                              /usr/lib/gcc/arm-none-eabi/9.2.1/../../../arm-none-eabi/lib/thumb/v6-m/nofp/libg.a(lib_a-atexit.o) (__register_exitproc)
/usr/lib/gcc/arm-none-eabi/9.2.1/../../../arm-none-eabi/lib/thumb/v6-m/nofp/libg.a(lib_a-freer.o)
                              /usr/lib/gcc/arm-none-eabi/9.2.1/../../../arm-none-eabi/lib/thumb/v6-m/nofp/libg.a(lib_a-malloc.o) (_free_r)
/usr/lib/gcc/arm-none-eabi/9.2.1/../../../arm-none-eabi/lib/thumb/v6-m/nofp/libg.a(lib_a-reent.o)
                              /usr/lib/gcc/arm-none-eabi/9.2.1/../../../arm-none-eabi/lib/thumb/v6-m/nofp/libg.a(lib_a-sbrkr.o) (errno)

Allocating common symbols
Common symbol       size              file

sf_table            0x100             CMakeFiles/main.dir/home/wsl/pico/pico-sdk/src/rp2_common/pico_float/float_init_rom.c.obj
errno               0x4               /usr/lib/gcc/arm-none-eabi/9.2.1/../../../arm-none-eabi/lib/thumb/v6-m/nofp/libg.a(lib_a-reent.o)
sf_clz_func         0x4               CMakeFiles/main.dir/home/wsl/pico/pico-sdk/src/rp2_common/pico_float/float_init_rom.c.obj
sd_table            0x100             CMakeFiles/main.dir/home/wsl/pico/pico-sdk/src/rp2_common/pico_double/double_init_rom.c.obj
uart_char_to_line_feed
                    0x4               CMakeFiles/main.dir/home/wsl/pico/pico-sdk/src/rp2_common/hardware_uart/uart.c.obj

Discarded input sections

 .text          0x0000000000000000        0x0 /usr/lib/gcc/arm-none-eabi/9.2.1/thumb/v6-m/nofp/crti.o
 .data          0x0000000000000000        0x0 /usr/lib/gcc/arm-none-eabi/9.2.1/thumb/v6-m/nofp/crti.o
 .bss           0x0000000000000000        0x0 /usr/lib/gcc/arm-none-eabi/9.2.1/thumb/v6-m/nofp/crti.o
 .data          0x0000000000000000        0x4 /usr/lib/gcc/arm-none-eabi/9.2.1/thumb/v6-m/nofp/crtbegin.o
 .fini_array    0x0000000000000000        0x4 /usr/lib/gcc/arm-none-eabi/9.2.1/thumb/v6-m/nofp/crtbegin.o
 .text          0x0000000000000000       0x74 /usr/lib/gcc/arm-none-eabi/9.2.1/../../../arm-none-eabi/lib/thumb/v6-m/nofp/crt0.o
[...]
Memory Configuration

Name             Origin             Length             Attributes
FLASH            0x0000000010000000 0x0000000000200000 xr
RAM              0x0000000020000000 0x0000000000040000 xrw
SCRATCH_X        0x0000000020040000 0x0000000000001000 xrw
SCRATCH_Y        0x0000000020041000 0x0000000000001000 xrw
*default*        0x0000000000000000 0xffffffffffffffff

Linker script and memory map

LOAD /usr/lib/gcc/arm-none-eabi/9.2.1/thumb/v6-m/nofp/crti.o
LOAD /usr/lib/gcc/arm-none-eabi/9.2.1/thumb/v6-m/nofp/crtbegin.o
LOAD /usr/lib/gcc/arm-none-eabi/9.2.1/../../../arm-none-eabi/lib/thumb/v6-m/nofp/crt0.o

.flash_begin    0x0000000010000000        0x0
                0x0000000010000000                __flash_binary_start = .

.boot2          0x0000000010000000      0x100
                0x0000000010000000                __boot2_start__ = .
 *(.boot2)
 .boot2         0x0000000010000000      0x100 /tmp/ccLs4TkV.o
                0x0000000010000100                __boot2_end__ = .
                0x0000000000000001                ASSERT (((__boot2_end__ - __boot2_start__) == 0x100), ERROR: Pico second stage bootloader must be 256 bytes in size)

.text           0x0000000010000100     0x3f78
                0x0000000010000100                __logical_binary_start = .
 *(.vectors)
 .vectors       0x0000000010000100       0xd4 CMakeFiles/main.dir/home/wsl/pico/pico-sdk/src/rp2_common/pico_standard_link/crt0.S.obj
                0x0000000010000100                __vectors
                0x00000000100001c0                isr_invalid
                0x00000000100001c2                isr_nmi
                0x00000000100001c4                isr_hardfault
                0x00000000100001c6                isr_svcall
                0x00000000100001c8                isr_pendsv
                0x00000000100001ca                isr_systick
                0x00000000100001cc                isr_irq30
                0x00000000100001cc                __unhandled_user_irq
                0x00000000100001cc                isr_irq13
                0x00000000100001cc                isr_irq27
                0x00000000100001cc                isr_irq31
                0x00000000100001cc                isr_irq5
                0x00000000100001cc                isr_irq11
                0x00000000100001cc                isr_irq23
                0x00000000100001cc                isr_irq18
                0x00000000100001cc                isr_irq28
                0x00000000100001cc                isr_irq19
                0x00000000100001cc                isr_irq0
                0x00000000100001cc                isr_irq6
                0x00000000100001cc                isr_irq22
                0x00000000100001cc                isr_irq17
                0x00000000100001cc                isr_irq14
                0x00000000100001cc                isr_irq2
                0x00000000100001cc                isr_irq10
                0x00000000100001cc                isr_irq8
                0x00000000100001cc                isr_irq24
                0x00000000100001cc                isr_irq1
                0x00000000100001cc                isr_irq7
                0x00000000100001cc                isr_irq21
                0x00000000100001cc                isr_irq20
                0x00000000100001cc                isr_irq15
                0x00000000100001cc                isr_irq25
                0x00000000100001cc                isr_irq4
                0x00000000100001cc                isr_irq16
                0x00000000100001cc                isr_irq29
                0x00000000100001cc                isr_irq26
                0x00000000100001cc                isr_irq3
                0x00000000100001cc                isr_irq12
                0x00000000100001cc                isr_irq9
                0x00000000100001d2                unhandled_user_irq_num_in_r0
 *(.binary_info_header)
 .binary_info_header
                0x00000000100001d4       0x14 CMakeFiles/main.dir/home/wsl/pico/pico-sdk/src/rp2_common/pico_standard_link/crt0.S.obj
                0x00000000100001e8                __binary_info_header_end = .
 *(.reset)
 .reset         0x00000000100001e8       0xa8 CMakeFiles/main.dir/home/wsl/pico/pico-sdk/src/rp2_common/pico_standard_link/crt0.S.obj
                0x00000000100001e8                _entry_point
                0x0000000010000266                __get_current_exception
 .reset         0x0000000010000290       0x30 CMakeFiles/main.dir/home/wsl/pico/pico-sdk/src/rp2_common/pico_standard_link/binary_info.c.obj
 *(.init)
 .init          0x00000000100002c0        0x4 /usr/lib/gcc/arm-none-eabi/9.2.1/thumb/v6-m/nofp/crti.o
                0x00000000100002c0                _init
 *(EXCLUDE_FILE(*libm.a: *libc.a:*lib_a-mem*.o *libgcc.a:) .text*)
 .text          0x00000000100002c4       0x98 /usr/lib/gcc/arm-none-eabi/9.2.1/thumb/v6-m/nofp/crtbegin.o
 .text.main     0x000000001000035c       0x30 CMakeFiles/main.dir/main.c.obj
                0x000000001000035c                main
 .text.gpio_set_function
                0x000000001000038c       0x30 CMakeFiles/main.dir/home/wsl/pico/pico-sdk/src/rp2_common/hardware_gpio/gpio.c.obj
                0x000000001000038c                gpio_set_function
 .text.gpio_init
                0x00000000100003bc       0x16 CMakeFiles/main.dir/home/wsl/pico/pico-sdk/src/rp2_common/hardware_gpio/gpio.c.obj
                0x00000000100003bc                gpio_init
 *fill*         0x00000000100003d2        0x2 
 .text.hw_claim_lock
                0x00000000100003d4       0x18 CMakeFiles/main.dir/home/wsl/pico/pico-sdk/src/rp2_common/hardware_claim/claim.c.obj
                0x00000000100003d4                hw_claim_lock
 .text.hw_claim_unlock
                0x00000000100003ec       0x14 CMakeFiles/main.dir/home/wsl/pico/pico-sdk/src/rp2_common/hardware_claim/claim.c.obj
                0x00000000100003ec                hw_claim_unlock
 .text.hw_claim_or_assert
                0x0000000010000400       0x36 CMakeFiles/main.dir/home/wsl/pico/pico-sdk/src/rp2_common/hardware_claim/claim.c.obj
                0x0000000010000400                hw_claim_or_assert
 *fill*         0x0000000010000436        0x2 
 .text.spin_locks_reset
                0x0000000010000438       0x20 CMakeFiles/main.dir/home/wsl/pico/pico-sdk/src/rp2_common/hardware_sync/sync.c.obj
                0x0000000010000438                spin_locks_reset
 .text.next_striped_spin_lock_num
                0x0000000010000458       0x1c CMakeFiles/main.dir/home/wsl/pico/pico-sdk/src/rp2_common/hardware_sync/sync.c.obj
                0x0000000010000458                next_striped_spin_lock_num
 .text.running_on_fpga
                0x0000000010000474       0x14 CMakeFiles/main.dir/home/wsl/pico/pico-sdk/src/rp2_common/pico_platform/platform.c.obj
                0x0000000010000474                running_on_fpga
 .text.sev_callback
                0x0000000010000488        0x8 CMakeFiles/main.dir/home/wsl/pico/pico-sdk/src/common/pico_time/time.c.obj
 .text.alarm_pool_post_alloc_init
                0x0000000010000490       0x40 CMakeFiles/main.dir/home/wsl/pico/pico-sdk/src/common/pico_time/time.c.obj
 .text.timer_pool_entry_comparator
                0x00000000100004d0       0x7c CMakeFiles/main.dir/home/wsl/pico/pico-sdk/src/common/pico_time/time.c.obj
                0x00000000100004d0                timer_pool_entry_comparator
 .text.ph_add_child_node
                0x000000001000054c       0xa4 CMakeFiles/main.dir/home/wsl/pico/pico-sdk/src/common/pico_time/time.c.obj
 .text.ph_merge_nodes
                0x00000000100005f0       0x3e CMakeFiles/main.dir/home/wsl/pico/pico-sdk/src/common/pico_time/time.c.obj
 *fill*         0x000000001000062e        0x2 
 .text.add_alarm_under_lock
                0x0000000010000630      0x174 CMakeFiles/main.dir/home/wsl/pico/pico-sdk/src/common/pico_time/time.c.obj
 .text.alarm_pool_alarm_callback
                0x00000000100007a4      0x32c CMakeFiles/main.dir/home/wsl/pico/pico-sdk/src/common/pico_time/time.c.obj
 .text.alarm_pool_init_default
                0x0000000010000ad0       0x2c CMakeFiles/main.dir/home/wsl/pico/pico-sdk/src/common/pico_time/time.c.obj
                0x0000000010000ad0                alarm_pool_init_default
 .text.alarm_pool_get_default
                0x0000000010000afc       0x2c CMakeFiles/main.dir/home/wsl/pico/pico-sdk/src/common/pico_time/time.c.obj
                0x0000000010000afc                alarm_pool_get_default
 .text.alarm_pool_add_alarm_at
                0x0000000010000b28      0x170 CMakeFiles/main.dir/home/wsl/pico/pico-sdk/src/common/pico_time/time.c.obj
                0x0000000010000b28                alarm_pool_add_alarm_at
 .text.sleep_until
                0x0000000010000c98       0xd4 CMakeFiles/main.dir/home/wsl/pico/pico-sdk/src/common/pico_time/time.c.obj
                0x0000000010000c98                sleep_until
 .text.sleep_us
                0x0000000010000d6c       0x58 CMakeFiles/main.dir/home/wsl/pico/pico-sdk/src/common/pico_time/time.c.obj
                0x0000000010000d6c                sleep_us
 .text.sleep_ms
                0x0000000010000dc4       0x14 CMakeFiles/main.dir/home/wsl/pico/pico-sdk/src/common/pico_time/time.c.obj
                0x0000000010000dc4                sleep_ms
 .text.hardware_alarm_irq_handler
                0x0000000010000dd8       0x8c CMakeFiles/main.dir/home/wsl/pico/pico-sdk/src/rp2_common/hardware_timer/timer.c.obj
 .text.hardware_alarm_claim
                0x0000000010000e64       0x18 CMakeFiles/main.dir/home/wsl/pico/pico-sdk/src/rp2_common/hardware_timer/timer.c.obj
                0x0000000010000e64                hardware_alarm_claim
 .text.time_us_64
                0x0000000010000e7c       0x18 CMakeFiles/main.dir/home/wsl/pico/pico-sdk/src/rp2_common/hardware_timer/timer.c.obj
                0x0000000010000e7c                time_us_64
 .text.busy_wait_until
                0x0000000010000e94       0x24 CMakeFiles/main.dir/home/wsl/pico/pico-sdk/src/rp2_common/hardware_timer/timer.c.obj
                0x0000000010000e94                busy_wait_until
 .text.hardware_alarm_set_callback
                0x0000000010000eb8       0x90 CMakeFiles/main.dir/home/wsl/pico/pico-sdk/src/rp2_common/hardware_timer/timer.c.obj
                0x0000000010000eb8                hardware_alarm_set_callback
 .text.hardware_alarm_set_target
                0x0000000010000f48       0xe8 CMakeFiles/main.dir/home/wsl/pico/pico-sdk/src/rp2_common/hardware_timer/timer.c.obj
                0x0000000010000f48                hardware_alarm_set_target
 .text.hardware_alarm_cancel
                0x0000000010001030       0x40 CMakeFiles/main.dir/home/wsl/pico/pico-sdk/src/rp2_common/hardware_timer/timer.c.obj
                0x0000000010001030                hardware_alarm_cancel
 .text.lock_init
                0x0000000010001070       0x10 CMakeFiles/main.dir/home/wsl/pico/pico-sdk/src/common/pico_sync/lock_core.c.obj
                0x0000000010001070                lock_init
 .text.mutex_init
                0x0000000010001080       0x1a CMakeFiles/main.dir/home/wsl/pico/pico-sdk/src/common/pico_sync/mutex.c.obj
                0x0000000010001080                mutex_init
 *fill*         0x000000001000109a        0x2 
 .text.ph_add_child_node
                0x000000001000109c       0xa4 CMakeFiles/main.dir/home/wsl/pico/pico-sdk/src/common/pico_util/pheap.c.obj
 .text.ph_merge_nodes
                0x0000000010001140       0x3e CMakeFiles/main.dir/home/wsl/pico/pico-sdk/src/common/pico_util/pheap.c.obj
 *fill*         0x000000001000117e        0x2 
 .text.ph_clear
                0x0000000010001180       0x70 CMakeFiles/main.dir/home/wsl/pico/pico-sdk/src/common/pico_util/pheap.c.obj
                0x0000000010001180                ph_clear
 .text.ph_post_alloc_init
                0x00000000100011f0        0xe CMakeFiles/main.dir/home/wsl/pico/pico-sdk/src/common/pico_util/pheap.c.obj
                0x00000000100011f0                ph_post_alloc_init
 *fill*         0x00000000100011fe        0x2 
 .text.ph_merge_two_pass
                0x0000000010001200       0xa8 CMakeFiles/main.dir/home/wsl/pico/pico-sdk/src/common/pico_util/pheap.c.obj
                0x0000000010001200                ph_merge_two_pass
 .text.ph_remove_any_head
                0x00000000100012a8      0x108 CMakeFiles/main.dir/home/wsl/pico/pico-sdk/src/common/pico_util/pheap.c.obj
 .text.ph_remove_head
                0x00000000100013b0       0x14 CMakeFiles/main.dir/home/wsl/pico/pico-sdk/src/common/pico_util/pheap.c.obj
                0x00000000100013b0                ph_remove_head
 .text.ph_remove_and_free_node
                0x00000000100013c4       0xf8 CMakeFiles/main.dir/home/wsl/pico/pico-sdk/src/common/pico_util/pheap.c.obj
                0x00000000100013c4                ph_remove_and_free_node
 .text.runtime_init
                0x00000000100014bc       0xcc CMakeFiles/main.dir/home/wsl/pico/pico-sdk/src/rp2_common/pico_runtime/runtime.c.obj
                0x00000000100014bc                runtime_init
 .text._exit    0x0000000010001588        0x4 CMakeFiles/main.dir/home/wsl/pico/pico-sdk/src/rp2_common/pico_runtime/runtime.c.obj
                0x0000000010001588                _exit
 .text.exit     0x000000001000158c        0x6 CMakeFiles/main.dir/home/wsl/pico/pico-sdk/src/rp2_common/pico_runtime/runtime.c.obj
                0x000000001000158c                exit
 *fill*         0x0000000010001592        0x2 
 .text.__assert_func
                0x0000000010001594       0x3c CMakeFiles/main.dir/home/wsl/pico/pico-sdk/src/rp2_common/pico_runtime/runtime.c.obj
                0x0000000010001594                __assert_func
 .text.panic    0x00000000100015d0       0x30 CMakeFiles/main.dir/home/wsl/pico/pico-sdk/src/rp2_common/pico_runtime/runtime.c.obj
                0x00000000100015d0                panic
 .text.clock_configure
                0x0000000010001600       0xe8 CMakeFiles/main.dir/home/wsl/pico/pico-sdk/src/rp2_common/hardware_clocks/clocks.c.obj
                0x0000000010001600                clock_configure
 .text.clocks_init
                0x00000000100016e8      0x124 CMakeFiles/main.dir/home/wsl/pico/pico-sdk/src/rp2_common/hardware_clocks/clocks.c.obj
                0x00000000100016e8                clocks_init
 .text.watchdog_start_tick
                0x000000001000180c       0x10 CMakeFiles/main.dir/home/wsl/pico/pico-sdk/src/rp2_common/hardware_watchdog/watchdog.c.obj
                0x000000001000180c                watchdog_start_tick
 .text.xosc_init
                0x000000001000181c       0x28 CMakeFiles/main.dir/home/wsl/pico/pico-sdk/src/rp2_common/hardware_xosc/xosc.c.obj
                0x000000001000181c                xosc_init
 .text.pll_init
                0x0000000010001844       0xd0 CMakeFiles/main.dir/home/wsl/pico/pico-sdk/src/rp2_common/hardware_pll/pll.c.obj
                0x0000000010001844                pll_init
 .text.set_raw_irq_handler_and_unlock
                0x0000000010001914       0x28 CMakeFiles/main.dir/home/wsl/pico/pico-sdk/src/rp2_common/hardware_irq/irq.c.obj
 .text.make_branch
                0x000000001000193c       0x34 CMakeFiles/main.dir/home/wsl/pico/pico-sdk/src/rp2_common/hardware_irq/irq.c.obj
 .text.insert_branch_and_link
                0x0000000010001970       0x40 CMakeFiles/main.dir/home/wsl/pico/pico-sdk/src/rp2_common/hardware_irq/irq.c.obj
 .text.irq_is_enabled
                0x00000000100019b0       0x18 CMakeFiles/main.dir/home/wsl/pico/pico-sdk/src/rp2_common/hardware_irq/irq.c.obj
                0x00000000100019b0                irq_is_enabled
 .text.irq_set_mask_enabled
                0x00000000100019c8       0x20 CMakeFiles/main.dir/home/wsl/pico/pico-sdk/src/rp2_common/hardware_irq/irq.c.obj
                0x00000000100019c8                irq_set_mask_enabled
 .text.irq_set_enabled
                0x00000000100019e8        0xe CMakeFiles/main.dir/home/wsl/pico/pico-sdk/src/rp2_common/hardware_irq/irq.c.obj
                0x00000000100019e8                irq_set_enabled
 *fill*         0x00000000100019f6        0x2 
 .text.irq_get_vtable_handler
                0x00000000100019f8       0x10 CMakeFiles/main.dir/home/wsl/pico/pico-sdk/src/rp2_common/hardware_irq/irq.c.obj
                0x00000000100019f8                irq_get_vtable_handler
 .text.irq_set_exclusive_handler
                0x0000000010001a08       0x54 CMakeFiles/main.dir/home/wsl/pico/pico-sdk/src/rp2_common/hardware_irq/irq.c.obj
                0x0000000010001a08                irq_set_exclusive_handler
 .text.irq_remove_handler
                0x0000000010001a5c      0x1ac CMakeFiles/main.dir/home/wsl/pico/pico-sdk/src/rp2_common/hardware_irq/irq.c.obj
                0x0000000010001a5c                irq_remove_handler
 .text.irq_set_priority
                0x0000000010001c08       0x28 CMakeFiles/main.dir/home/wsl/pico/pico-sdk/src/rp2_common/hardware_irq/irq.c.obj
                0x0000000010001c08                irq_set_priority
 .text.irq_add_tail_to_free_list
                0x0000000010001c30       0xf0 CMakeFiles/main.dir/home/wsl/pico/pico-sdk/src/rp2_common/hardware_irq/irq.c.obj
                0x0000000010001c30                irq_add_tail_to_free_list
 .text.irq_init_priorities
                0x0000000010001d20       0x16 CMakeFiles/main.dir/home/wsl/pico/pico-sdk/src/rp2_common/hardware_irq/irq.c.obj
                0x0000000010001d20                irq_init_priorities
 .text._out_null
                0x0000000010001d36        0x2 CMakeFiles/main.dir/home/wsl/pico/pico-sdk/src/rp2_common/pico_printf/printf.c.obj
 .text._out_fct
                0x0000000010001d38        0xe CMakeFiles/main.dir/home/wsl/pico/pico-sdk/src/rp2_common/pico_printf/printf.c.obj
 .text._atoi    0x0000000010001d46       0x24 CMakeFiles/main.dir/home/wsl/pico/pico-sdk/src/rp2_common/pico_printf/printf.c.obj
 .text._out_rev
                0x0000000010001d6a       0xae CMakeFiles/main.dir/home/wsl/pico/pico-sdk/src/rp2_common/pico_printf/printf.c.obj
 .text._ntoa_format
                0x0000000010001e18      0x110 CMakeFiles/main.dir/home/wsl/pico/pico-sdk/src/rp2_common/pico_printf/printf.c.obj
 .text._ntoa_long
                0x0000000010001f28       0xbc CMakeFiles/main.dir/home/wsl/pico/pico-sdk/src/rp2_common/pico_printf/printf.c.obj
 .text._ntoa_long_long
                0x0000000010001fe4       0xe2 CMakeFiles/main.dir/home/wsl/pico/pico-sdk/src/rp2_common/pico_printf/printf.c.obj
 *fill*         0x00000000100020c6        0x2 
 .text._etoa    0x00000000100020c8      0x40c CMakeFiles/main.dir/home/wsl/pico/pico-sdk/src/rp2_common/pico_printf/printf.c.obj
 .text._ftoa    0x00000000100024d4      0x354 CMakeFiles/main.dir/home/wsl/pico/pico-sdk/src/rp2_common/pico_printf/printf.c.obj
 .text._vsnprintf
                0x0000000010002828      0x628 CMakeFiles/main.dir/home/wsl/pico/pico-sdk/src/rp2_common/pico_printf/printf.c.obj
 .text.vfctprintf
                0x0000000010002e50       0x20 CMakeFiles/main.dir/home/wsl/pico/pico-sdk/src/rp2_common/pico_printf/printf.c.obj
                0x0000000010002e50                vfctprintf
 .text          0x0000000010002e70       0x10 CMakeFiles/main.dir/home/wsl/pico/pico-sdk/src/rp2_common/pico_bit_ops/bit_ops_aeabi.S.obj
 .text.rom_func_lookup
                0x0000000010002e80       0x10 CMakeFiles/main.dir/home/wsl/pico/pico-sdk/src/rp2_common/pico_bootrom/bootrom.c.obj
                0x0000000010002e80                rom_func_lookup
 .text.rom_data_lookup
                0x0000000010002e90       0x10 CMakeFiles/main.dir/home/wsl/pico/pico-sdk/src/rp2_common/pico_bootrom/bootrom.c.obj
                0x0000000010002e90                rom_data_lookup
 .text.rom_funcs_lookup
                0x0000000010002ea0       0x36 CMakeFiles/main.dir/home/wsl/pico/pico-sdk/src/rp2_common/pico_bootrom/bootrom.c.obj
                0x0000000010002ea0                rom_funcs_lookup
 *fill*         0x0000000010002ed6        0x2 
 .text.__wrap___aeabi_idiv
                0x0000000010002ed8       0x58 CMakeFiles/main.dir/home/wsl/pico/pico-sdk/src/rp2_common/pico_divider/divider.S.obj
                0x0000000010002ed8                __wrap___aeabi_idivmod
                0x0000000010002ed8                divmod_s32s32
                0x0000000010002ed8                div_s32s32
                0x0000000010002ed8                __wrap___aeabi_idiv
                0x0000000010002ee0                divmod_s32s32_unsafe
                0x0000000010002f0c                divmod_s32s32_savestate
 .text.__wrap___aeabi_uidiv
                0x0000000010002f30       0x54 CMakeFiles/main.dir/home/wsl/pico/pico-sdk/src/rp2_common/pico_divider/divider.S.obj
                0x0000000010002f30                __wrap___aeabi_uidiv
                0x0000000010002f30                __wrap___aeabi_uidivmod
                0x0000000010002f30                div_u32u32
                0x0000000010002f30                divmod_u32u32
                0x0000000010002f38                divmod_u32u32_unsafe
                0x0000000010002f60                divmod_u32u32_savestate
 .text.__wrap___aeabi_ldiv
                0x0000000010002f84      0x430 CMakeFiles/main.dir/home/wsl/pico/pico-sdk/src/rp2_common/pico_divider/divider.S.obj
                0x0000000010002f84                div_s64s64
                0x0000000010002f84                divmod_s64s64
                0x0000000010002f84                __wrap___aeabi_ldivmod
                0x0000000010002fbc                div_u64u64
                0x0000000010002fbc                divmod_u64u64
                0x0000000010002fbc                __wrap___aeabi_uldivmod
                0x0000000010002fcc                divmod_u64u64_savestate
                0x0000000010002ff4                divmod_s64s64_unsafe
                0x000000001000307c                divmod_u64u64_unsafe
 .text.__wrap___aeabi_darithmetic
                0x00000000100033b4       0x54 CMakeFiles/main.dir/home/wsl/pico/pico-sdk/src/rp2_common/pico_double/double_aeabi.S.obj
                0x00000000100033b4                __wrap___aeabi_drsub
                0x00000000100033ba                __wrap___aeabi_dsub
                0x00000000100033cc                __wrap___aeabi_dadd
                0x00000000100033de                __wrap___aeabi_ddiv
                0x00000000100033f0                __wrap___aeabi_dmul
 .text.__wrap___aeabi_cdcmple
                0x0000000010003408       0x6c CMakeFiles/main.dir/home/wsl/pico/pico-sdk/src/rp2_common/pico_double/double_aeabi.S.obj
                0x0000000010003408                __wrap___aeabi_cdrcmple
                0x0000000010003418                __wrap___aeabi_cdcmple
                0x0000000010003418                __wrap___aeabi_cdcmpeq
 .text.__wrap___aeabi_dcmplt
                0x0000000010003474        0xc CMakeFiles/main.dir/home/wsl/pico/pico-sdk/src/rp2_common/pico_double/double_aeabi.S.obj
                0x0000000010003474                __wrap___aeabi_dcmplt
 .text.__wrap___aeabi_dcmple
                0x0000000010003480       0x10 CMakeFiles/main.dir/home/wsl/pico/pico-sdk/src/rp2_common/pico_double/double_aeabi.S.obj
                0x0000000010003480                __wrap___aeabi_dcmple
 .text.__wrap___aeabi_dcmpge
                0x0000000010003490       0x10 CMakeFiles/main.dir/home/wsl/pico/pico-sdk/src/rp2_common/pico_double/double_aeabi.S.obj
                0x0000000010003490                __wrap___aeabi_dcmpge
 .text.__wrap___aeabi_dcmpgt
                0x00000000100034a0        0xa CMakeFiles/main.dir/home/wsl/pico/pico-sdk/src/rp2_common/pico_double/double_aeabi.S.obj
                0x00000000100034a0                __wrap___aeabi_dcmpgt
 .text.__wrap___aeabi_dcmpun
                0x00000000100034aa       0x1c CMakeFiles/main.dir/home/wsl/pico/pico-sdk/src/rp2_common/pico_double/double_aeabi.S.obj
                0x00000000100034aa                __wrap___aeabi_dcmpun
 *fill*         0x00000000100034c6        0x2 
 .text.__wrap___aeabi_i2d
                0x00000000100034c8       0x38 CMakeFiles/main.dir/home/wsl/pico/pico-sdk/src/rp2_common/pico_double/double_aeabi.S.obj
                0x00000000100034c8                __wrap___aeabi_ui2d
                0x00000000100034d0                __wrap___aeabi_i2d
 .text.__wrap___aeabi_d2iz
                0x0000000010003500       0x48 CMakeFiles/main.dir/home/wsl/pico/pico-sdk/src/rp2_common/pico_double/double_aeabi.S.obj
                0x0000000010003500                __wrap___aeabi_d2iz
                0x0000000010003500                double2int_z
 .text.__wrap___aeabi_d2uiz
                0x0000000010003548       0x18 CMakeFiles/main.dir/home/wsl/pico/pico-sdk/src/rp2_common/pico_double/double_aeabi.S.obj
                0x0000000010003548                double2uint
                0x0000000010003548                __wrap___aeabi_d2uiz
 .text.__aeabi_double_init
                0x0000000010003560       0xb4 CMakeFiles/main.dir/home/wsl/pico/pico-sdk/src/rp2_common/pico_double/double_init_rom.c.obj
                0x0000000010003560                __aeabi_double_init
 .text.double_table_shim_on_use_helper
                0x0000000010003614       0x34 CMakeFiles/main.dir/home/wsl/pico/pico-sdk/src/rp2_common/pico_double/double_v1_rom_shim.S.obj
                0x0000000010003614                double_table_shim_on_use_helper
 .text.__wrap___aeabi_dsub
                0x0000000010003648       0x10 CMakeFiles/main.dir/home/wsl/pico/pico-sdk/src/rp2_common/pico_double/double_v1_rom_shim.S.obj
                0x0000000010003648                drsub_shim
                0x000000001000364e                dsub_shim
 .text.dadd_shim
                0x0000000010003658      0x15c CMakeFiles/main.dir/home/wsl/pico/pico-sdk/src/rp2_common/pico_double/double_v1_rom_shim.S.obj
                0x0000000010003658                dadd_shim
 .text.dmul_shim
                0x00000000100037b4      0x15c CMakeFiles/main.dir/home/wsl/pico/pico-sdk/src/rp2_common/pico_double/double_v1_rom_shim.S.obj
                0x00000000100037b4                dmul_shim
 .text.ddiv_shim
                0x0000000010003910      0x1b0 CMakeFiles/main.dir/home/wsl/pico/pico-sdk/src/rp2_common/pico_double/double_v1_rom_shim.S.obj
                0x0000000010003910                ddiv_shim
 .text.dcordic_rot_step
                0x0000000010003ac0       0x7c CMakeFiles/main.dir/home/wsl/pico/pico-sdk/src/rp2_common/pico_double/double_v1_rom_shim.S.obj
                0x0000000010003ac0                dcordic_rot_step
 .text.double2uint_shim
                0x0000000010003b3c        0xe CMakeFiles/main.dir/home/wsl/pico/pico-sdk/src/rp2_common/pico_double/double_v1_rom_shim.S.obj
                0x0000000010003b3c                double2uint_shim
                0x0000000010003b3e                double2ufix_shim
 *fill*         0x0000000010003b4a        0x2 
 .text.double2uint64_shim
                0x0000000010003b4c       0x6c CMakeFiles/main.dir/home/wsl/pico/pico-sdk/src/rp2_common/pico_double/double_v1_rom_shim.S.obj
                0x0000000010003b4c                double2uint64_shim
                0x0000000010003b4e                double2ufix64_shim
                0x0000000010003b68                d2fix_a
 .text.dunpacks
                0x0000000010003bb8       0x3c CMakeFiles/main.dir/home/wsl/pico/pico-sdk/src/rp2_common/pico_double/double_v1_rom_shim.S.obj
                0x0000000010003bb8                dunpacks
 .text.__aeabi_lmul
                0x0000000010003bf4       0x32 CMakeFiles/main.dir/home/wsl/pico/pico-sdk/src/rp2_common/pico_int64_ops/pico_int64_ops_aeabi.S.obj
                0x0000000010003bf4                __wrap___aeabi_lmul
 *fill*         0x0000000010003c26        0x2 
 .text.__aeabi_float_init
                0x0000000010003c28       0xfc CMakeFiles/main.dir/home/wsl/pico/pico-sdk/src/rp2_common/pico_float/float_init_rom.c.obj
                0x0000000010003c28                __aeabi_float_init
 .text.float_table_shim_on_use_helper
                0x0000000010003d24       0x34 CMakeFiles/main.dir/home/wsl/pico/pico-sdk/src/rp2_common/pico_float/float_v1_rom_shim.S.obj
                0x0000000010003d24                float_table_shim_on_use_helper
 .text          0x0000000010003d58       0x10 CMakeFiles/main.dir/home/wsl/pico/pico-sdk/src/rp2_common/pico_mem_ops/mem_ops_aeabi.S.obj
                0x0000000010003d58                __aeabi_mem_init
 .text.memset   0x0000000010003d68        0xc CMakeFiles/main.dir/home/wsl/pico/pico-sdk/src/rp2_common/pico_mem_ops/mem_ops_aeabi.S.obj
                0x0000000010003d68                __wrap_memset
 .text.memcpy   0x0000000010003d74        0xc CMakeFiles/main.dir/home/wsl/pico/pico-sdk/src/rp2_common/pico_mem_ops/mem_ops_aeabi.S.obj
                0x0000000010003d74                __wrap___aeabi_memcpy
                0x0000000010003d74                __wrap_memcpy
 .text.stdio_out_chars_crlf
                0x0000000010003d80       0x80 CMakeFiles/main.dir/home/wsl/pico/pico-sdk/src/rp2_common/pico_stdio/stdio.c.obj
 .text.stdio_stack_buffer_flush
                0x0000000010003e00       0x44 CMakeFiles/main.dir/home/wsl/pico/pico-sdk/src/rp2_common/pico_stdio/stdio.c.obj
 .text.stdio_buffered_printer
                0x0000000010003e44       0x20 CMakeFiles/main.dir/home/wsl/pico/pico-sdk/src/rp2_common/pico_stdio/stdio.c.obj
 .text.stdout_serialize_begin
                0x0000000010003e64       0x2c CMakeFiles/main.dir/home/wsl/pico/pico-sdk/src/rp2_common/pico_stdio/stdio.c.obj
                0x0000000010003e64                stdout_serialize_begin
 .text.stdout_serialize_end
                0x0000000010003e90       0x10 CMakeFiles/main.dir/home/wsl/pico/pico-sdk/src/rp2_common/pico_stdio/stdio.c.obj
                0x0000000010003e90                stdout_serialize_end
 .text.stdio_put_string
                0x0000000010003ea0       0x84 CMakeFiles/main.dir/home/wsl/pico/pico-sdk/src/rp2_common/pico_stdio/stdio.c.obj
 .text.stdio_flush
                0x0000000010003f24       0x20 CMakeFiles/main.dir/home/wsl/pico/pico-sdk/src/rp2_common/pico_stdio/stdio.c.obj
                0x0000000010003f24                stdio_flush
 .text.__wrap_puts
                0x0000000010003f44       0x1c CMakeFiles/main.dir/home/wsl/pico/pico-sdk/src/rp2_common/pico_stdio/stdio.c.obj
                0x0000000010003f44                __wrap_puts
 .text.__wrap_vprintf
                0x0000000010003f60       0x44 CMakeFiles/main.dir/home/wsl/pico/pico-sdk/src/rp2_common/pico_stdio/stdio.c.obj
                0x0000000010003f60                __wrap_vprintf
 .text.__wrap_printf
                0x0000000010003fa4       0x18 CMakeFiles/main.dir/home/wsl/pico/pico-sdk/src/rp2_common/pico_stdio/stdio.c.obj
                0x0000000010003fa4                __wrap_printf
 .text          0x0000000010003fbc       0x68 /usr/lib/gcc/arm-none-eabi/9.2.1/../../../arm-none-eabi/lib/thumb/v6-m/nofp/libg.a(lib_a-strlen-stub.o)
                0x0000000010003fbc                strlen
 *(.fini)
 .fini          0x0000000010004024        0x4 /usr/lib/gcc/arm-none-eabi/9.2.1/thumb/v6-m/nofp/crti.o
                0x0000000010004024                _fini
 .fini.__stub   0x0000000010004028       0x50 linker stubs
 *crtbegin.o(.ctors)
 *crtbegin?.o(.ctors)
 *(EXCLUDE_FILE(*crtend.o *crtend?.o) .ctors)
 *(SORT_BY_NAME(.ctors.*))
 *(.ctors)
 *crtbegin.o(.dtors)
 *crtbegin?.o(.dtors)
 *(EXCLUDE_FILE(*crtend.o *crtend?.o) .dtors)
 *(SORT_BY_NAME(.dtors.*))
 *(.dtors)
 *(.eh_frame*)
 .eh_frame      0x0000000010004078        0x0 /usr/lib/gcc/arm-none-eabi/9.2.1/thumb/v6-m/nofp/crtbegin.o
                0x0000000010004078                . = ALIGN (0x4)

.glue_7         0x0000000010004078        0x0
 .glue_7        0x0000000010004078        0x0 linker stubs

.glue_7t        0x0000000010004078        0x0
 .glue_7t       0x0000000010004078        0x0 linker stubs

.vfp11_veneer   0x0000000010004078        0x0
 .vfp11_veneer  0x0000000010004078        0x0 linker stubs

.v4_bx          0x0000000010004078        0x0
 .v4_bx         0x0000000010004078        0x0 linker stubs

.iplt           0x0000000010004078        0x0
 .iplt          0x0000000010004078        0x0 /usr/lib/gcc/arm-none-eabi/9.2.1/thumb/v6-m/nofp/crtbegin.o

.rodata         0x0000000010004078      0xd4c
 *(EXCLUDE_FILE(*libm.a: *libc.a:*lib_a-mem*.o *libgcc.a:) .rodata*)
 .rodata.repeating_timer_callback.str1.4
                0x0000000010004078       0x48 CMakeFiles/main.dir/home/wsl/pico/pico-sdk/src/common/pico_time/time.c.obj
 .rodata.alarm_pool_dump_key.str1.4
                0x00000000100040c0       0x33 CMakeFiles/main.dir/home/wsl/pico/pico-sdk/src/common/pico_time/time.c.obj
 *fill*         0x00000000100040f3        0x1 
 .rodata.ph_add_child_node.str1.4
                0x00000000100040f4       0x92 CMakeFiles/main.dir/home/wsl/pico/pico-sdk/src/common/pico_time/time.c.obj
 *fill*         0x0000000010004186        0x2 
 .rodata.add_alarm_under_lock.str1.4
                0x0000000010004188       0x28 CMakeFiles/main.dir/home/wsl/pico/pico-sdk/src/common/pico_time/time.c.obj
                                         0x2b (size before relaxing)
 .rodata.alarm_pool_alarm_callback.str1.4
                0x00000000100041b0       0xe2 CMakeFiles/main.dir/home/wsl/pico/pico-sdk/src/common/pico_time/time.c.obj
 *fill*         0x0000000010004292        0x2 
 .rodata.alarm_pool_get_default.str1.4
                0x0000000010004294       0x21 CMakeFiles/main.dir/home/wsl/pico/pico-sdk/src/common/pico_time/time.c.obj
 *fill*         0x00000000100042b5        0x3 
 .rodata.sleep_until.str1.4
                0x00000000100042b8       0x4d CMakeFiles/main.dir/home/wsl/pico/pico-sdk/src/common/pico_time/time.c.obj
 *fill*         0x0000000010004305        0x3 
 .rodata.__func__.5635
                0x0000000010004308       0x15 CMakeFiles/main.dir/home/wsl/pico/pico-sdk/src/common/pico_time/time.c.obj
 *fill*         0x000000001000431d        0x3 
 .rodata.__func__.5932
                0x0000000010004320        0xc CMakeFiles/main.dir/home/wsl/pico/pico-sdk/src/common/pico_time/time.c.obj
 .rodata.__func__.5939
                0x000000001000432c       0x12 CMakeFiles/main.dir/home/wsl/pico/pico-sdk/src/common/pico_time/time.c.obj
 *fill*         0x000000001000433e        0x2 
 .rodata.__func__.5955
                0x0000000010004340        0xf CMakeFiles/main.dir/home/wsl/pico/pico-sdk/src/common/pico_time/time.c.obj
 *fill*         0x000000001000434f        0x1 
 .rodata.__func__.5977
                0x0000000010004350        0xd CMakeFiles/main.dir/home/wsl/pico/pico-sdk/src/common/pico_time/time.c.obj
 *fill*         0x000000001000435d        0x3 
 .rodata.__func__.6096
                0x0000000010004360        0xa CMakeFiles/main.dir/home/wsl/pico/pico-sdk/src/common/pico_time/time.c.obj
 *fill*         0x000000001000436a        0x2 
 .rodata.__func__.6101
                0x000000001000436c       0x12 CMakeFiles/main.dir/home/wsl/pico/pico-sdk/src/common/pico_time/time.c.obj
 *fill*         0x000000001000437e        0x2 
 .rodata.__func__.6116
                0x0000000010004380       0x17 CMakeFiles/main.dir/home/wsl/pico/pico-sdk/src/common/pico_time/time.c.obj
 *fill*         0x0000000010004397        0x1 
 .rodata.__func__.6127
                0x0000000010004398       0x15 CMakeFiles/main.dir/home/wsl/pico/pico-sdk/src/common/pico_time/time.c.obj
 *fill*         0x00000000100043ad        0x3 
 .rodata.__func__.6144
                0x00000000100043b0       0x1a CMakeFiles/main.dir/home/wsl/pico/pico-sdk/src/common/pico_time/time.c.obj
 *fill*         0x00000000100043ca        0x2 
 .rodata.hardware_alarm_claim.str1.4
                0x00000000100043cc       0x22 CMakeFiles/main.dir/home/wsl/pico/pico-sdk/src/rp2_common/hardware_timer/timer.c.obj
 *fill*         0x00000000100043ee        0x2 
 .rodata.hardware_alarm_set_target.str1.4
                0x00000000100043f0       0x62 CMakeFiles/main.dir/home/wsl/pico/pico-sdk/src/rp2_common/hardware_timer/timer.c.obj
 *fill*         0x0000000010004452        0x2 
 .rodata.__func__.4535
                0x0000000010004454       0x1a CMakeFiles/main.dir/home/wsl/pico/pico-sdk/src/rp2_common/hardware_timer/timer.c.obj
 *fill*         0x000000001000446e        0x2 
 .rodata.str1.4
                0x0000000010004470       0x5c CMakeFiles/main.dir/home/wsl/pico/pico-sdk/src/common/pico_sync/mutex.c.obj
                                         0xbc (size before relaxing)
 .rodata.__func__.4590
                0x00000000100044cc       0x15 CMakeFiles/main.dir/home/wsl/pico/pico-sdk/src/common/pico_sync/mutex.c.obj
 *fill*         0x00000000100044e1        0x3 
 .rodata.__func__.4618
                0x00000000100044e4        0xb CMakeFiles/main.dir/home/wsl/pico/pico-sdk/src/common/pico_sync/mutex.c.obj
 .rodata.ph_add_child_node.str1.4
                0x00000000100044ef       0x92 CMakeFiles/main.dir/home/wsl/pico/pico-sdk/src/common/pico_util/pheap.c.obj
 *fill*         0x00000000100044ef        0x1 
 .rodata.ph_remove_any_head.str1.4
                0x00000000100044f0       0x8c CMakeFiles/main.dir/home/wsl/pico/pico-sdk/src/common/pico_util/pheap.c.obj
 .rodata.ph_remove_and_free_node.str1.4
                0x000000001000457c       0x26 CMakeFiles/main.dir/home/wsl/pico/pico-sdk/src/common/pico_util/pheap.c.obj
 *fill*         0x00000000100045a2        0x2 
 .rodata.__func__.5708
                0x00000000100045a4        0xc CMakeFiles/main.dir/home/wsl/pico/pico-sdk/src/common/pico_util/pheap.c.obj
 .rodata.__func__.5715
                0x00000000100045b0       0x12 CMakeFiles/main.dir/home/wsl/pico/pico-sdk/src/common/pico_util/pheap.c.obj
 *fill*         0x00000000100045c2        0x2 
 .rodata.__func__.5801
                0x00000000100045c4       0x13 CMakeFiles/main.dir/home/wsl/pico/pico-sdk/src/common/pico_util/pheap.c.obj
 *fill*         0x00000000100045d7        0x1 
 .rodata.__func__.5819
                0x00000000100045d8       0x18 CMakeFiles/main.dir/home/wsl/pico/pico-sdk/src/common/pico_util/pheap.c.obj
 .rodata.__assert_func.str1.4
                0x00000000100045f0       0x3f CMakeFiles/main.dir/home/wsl/pico/pico-sdk/src/rp2_common/pico_runtime/runtime.c.obj
                                         0x43 (size before relaxing)
 *fill*         0x000000001000462f        0x1 
 .rodata.panic.str1.4
                0x0000000010004630       0x12 CMakeFiles/main.dir/home/wsl/pico/pico-sdk/src/rp2_common/pico_runtime/runtime.c.obj
 *fill*         0x0000000010004642        0x2 
 .rodata.clock_configure.str1.4
                0x0000000010004644       0x54 CMakeFiles/main.dir/home/wsl/pico/pico-sdk/src/rp2_common/hardware_clocks/clocks.c.obj
 .rodata.__func__.4655
                0x0000000010004698       0x10 CMakeFiles/main.dir/home/wsl/pico/pico-sdk/src/rp2_common/hardware_clocks/clocks.c.obj
 .rodata.pll_init.str1.4
                0x00000000100046a8       0xd7 CMakeFiles/main.dir/home/wsl/pico/pico-sdk/src/rp2_common/hardware_pll/pll.c.obj
 *fill*         0x000000001000477f        0x1 
 .rodata.__func__.4385
                0x0000000010004780        0x9 CMakeFiles/main.dir/home/wsl/pico/pico-sdk/src/rp2_common/hardware_pll/pll.c.obj
 *fill*         0x0000000010004789        0x3 
 .rodata.make_branch.str1.4
                0x000000001000478c       0x4a CMakeFiles/main.dir/home/wsl/pico/pico-sdk/src/rp2_common/hardware_irq/irq.c.obj
 *fill*         0x00000000100047d6        0x2 
 .rodata.irq_set_exclusive_handler.str1.4
                0x00000000100047d8       0x36 CMakeFiles/main.dir/home/wsl/pico/pico-sdk/src/rp2_common/hardware_irq/irq.c.obj
 *fill*         0x000000001000480e        0x2 
 .rodata.irq_add_shared_handler.str1.4
                0x0000000010004810       0xd9 CMakeFiles/main.dir/home/wsl/pico/pico-sdk/src/rp2_common/hardware_irq/irq.c.obj
 *fill*         0x00000000100048e9        0x3 
 .rodata.irq_remove_handler.str1.4
                0x00000000100048ec       0x2a CMakeFiles/main.dir/home/wsl/pico/pico-sdk/src/rp2_common/hardware_irq/irq.c.obj
 *fill*         0x0000000010004916        0x2 
 .rodata.irq_add_tail_to_free_list.str1.4
                0x0000000010004918       0x32 CMakeFiles/main.dir/home/wsl/pico/pico-sdk/src/rp2_common/hardware_irq/irq.c.obj
                                         0x3a (size before relaxing)
 *fill*         0x000000001000494a        0x2 
 .rodata.__func__.4494
                0x000000001000494c       0x1a CMakeFiles/main.dir/home/wsl/pico/pico-sdk/src/rp2_common/hardware_irq/irq.c.obj
 *fill*         0x0000000010004966        0x2 
 .rodata.__func__.4508
                0x0000000010004968        0xc CMakeFiles/main.dir/home/wsl/pico/pico-sdk/src/rp2_common/hardware_irq/irq.c.obj
 .rodata.__func__.4516
                0x0000000010004974       0x17 CMakeFiles/main.dir/home/wsl/pico/pico-sdk/src/rp2_common/hardware_irq/irq.c.obj
 *fill*         0x000000001000498b        0x1 
 .rodata.__func__.4520
                0x000000001000498c        0xf CMakeFiles/main.dir/home/wsl/pico/pico-sdk/src/rp2_common/hardware_irq/irq.c.obj
 *fill*         0x000000001000499b        0x1 
 .rodata.__func__.4559
                0x000000001000499c       0x13 CMakeFiles/main.dir/home/wsl/pico/pico-sdk/src/rp2_common/hardware_irq/irq.c.obj
 *fill*         0x00000000100049af        0x1 
 .rodata.__func__.4578
                0x00000000100049b0       0x1a CMakeFiles/main.dir/home/wsl/pico/pico-sdk/src/rp2_common/hardware_irq/irq.c.obj
 *fill*         0x00000000100049ca        0x2 
 .rodata._ftoa.str1.4
                0x00000000100049cc       0x15 CMakeFiles/main.dir/home/wsl/pico/pico-sdk/src/rp2_common/pico_printf/printf.c.obj
 *fill*         0x00000000100049e1        0x3 
 .rodata._vsnprintf
                0x00000000100049e4      0x1e0 CMakeFiles/main.dir/home/wsl/pico/pico-sdk/src/rp2_common/pico_printf/printf.c.obj
 *fill*         0x0000000010004bc4        0x4 
 .rodata.pow10.5422
                0x0000000010004bc8       0x50 CMakeFiles/main.dir/home/wsl/pico/pico-sdk/src/rp2_common/pico_printf/printf.c.obj
 .rodata.__aeabi_double_init.str1.4
                0x0000000010004c18       0xa5 CMakeFiles/main.dir/home/wsl/pico/pico-sdk/src/rp2_common/pico_double/double_init_rom.c.obj
 *fill*         0x0000000010004cbd        0x3 
 .rodata.__func__.4668
                0x0000000010004cc0       0x14 CMakeFiles/main.dir/home/wsl/pico/pico-sdk/src/rp2_common/pico_double/double_init_rom.c.obj
 .rodata.__aeabi_float_init.str1.4
                0x0000000010004cd4       0x77 CMakeFiles/main.dir/home/wsl/pico/pico-sdk/src/rp2_common/pico_float/float_init_rom.c.obj
                                         0x7b (size before relaxing)
 *fill*         0x0000000010004d4b        0x1 
 .rodata.__func__.4670
                0x0000000010004d4c       0x13 CMakeFiles/main.dir/home/wsl/pico/pico-sdk/src/rp2_common/pico_float/float_init_rom.c.obj
 *fill*         0x0000000010004d5f        0x1 
 .rodata.str1.4
                0x0000000010004d60       0x3c CMakeFiles/main.dir/home/wsl/pico/pico-sdk/src/rp2_common/pico_standard_link/binary_info.c.obj
 .rodata.__bi_44
                0x0000000010004d9c        0xc CMakeFiles/main.dir/home/wsl/pico/pico-sdk/src/rp2_common/pico_standard_link/binary_info.c.obj
 .rodata.__bi_75
                0x0000000010004da8        0xc CMakeFiles/main.dir/home/wsl/pico/pico-sdk/src/rp2_common/pico_standard_link/binary_info.c.obj
 .rodata.__bi_81
                0x0000000010004db4        0xc CMakeFiles/main.dir/home/wsl/pico/pico-sdk/src/rp2_common/pico_standard_link/binary_info.c.obj
 .rodata.crlf_str.5993
                0x0000000010004dc0        0x2 CMakeFiles/main.dir/home/wsl/pico/pico-sdk/src/rp2_common/pico_stdio/stdio.c.obj
                0x0000000010004dc4                . = ALIGN (0x4)
 *fill*         0x0000000010004dc2        0x2 
 *(SORT_BY_ALIGNMENT(SORT_BY_NAME(.flashdata*)))
                0x0000000010004dc4                . = ALIGN (0x4)

.rel.dyn        0x0000000010004dc4        0x0
 .rel.iplt      0x0000000010004dc4        0x0 /usr/lib/gcc/arm-none-eabi/9.2.1/thumb/v6-m/nofp/crtbegin.o

.ARM.extab
 *(.ARM.extab* .gnu.linkonce.armextab.*)
                0x0000000010004dc4                __exidx_start = .

.ARM.exidx
 *(.ARM.exidx* .gnu.linkonce.armexidx.*)
                0x0000000010004dc4                __exidx_end = .
                0x0000000010004dc4                . = ALIGN (0x4)
                0x0000000010004dc4                __binary_info_start = .

.binary_info    0x0000000010004dc4       0x1c
 *(.binary_info.keep.*)
 .binary_info.keep.__bi_ptr22
                0x0000000010004dc4        0x4 CMakeFiles/main.dir/home/wsl/pico/pico-sdk/src/rp2_common/pico_standard_link/binary_info.c.obj
 .binary_info.keep.__bi_ptr30
                0x0000000010004dc8        0x4 CMakeFiles/main.dir/home/wsl/pico/pico-sdk/src/rp2_common/pico_standard_link/binary_info.c.obj
 .binary_info.keep.__bi_ptr38
                0x0000000010004dcc        0x4 CMakeFiles/main.dir/home/wsl/pico/pico-sdk/src/rp2_common/pico_standard_link/binary_info.c.obj
 .binary_info.keep.__bi_ptr44
                0x0000000010004dd0        0x4 CMakeFiles/main.dir/home/wsl/pico/pico-sdk/src/rp2_common/pico_standard_link/binary_info.c.obj
 .binary_info.keep.__bi_ptr50
                0x0000000010004dd4        0x4 CMakeFiles/main.dir/home/wsl/pico/pico-sdk/src/rp2_common/pico_standard_link/binary_info.c.obj
 .binary_info.keep.__bi_ptr75
                0x0000000010004dd8        0x4 CMakeFiles/main.dir/home/wsl/pico/pico-sdk/src/rp2_common/pico_standard_link/binary_info.c.obj
 .binary_info.keep.__bi_ptr81
                0x0000000010004ddc        0x4 CMakeFiles/main.dir/home/wsl/pico/pico-sdk/src/rp2_common/pico_standard_link/binary_info.c.obj
 *(.binary_info.*)
                0x0000000010004de0                __binary_info_end = .
                0x0000000010004de0                . = ALIGN (0x4)
                0x0000000010004de0                __etext = .

.ram_vector_table
                0x0000000020000000       0xc0
 *(.ram_vector_table)
 .ram_vector_table
                0x0000000020000000       0xc0 CMakeFiles/main.dir/home/wsl/pico/pico-sdk/src/rp2_common/pico_runtime/runtime.c.obj
                0x0000000020000000                ram_vector_table

.data           0x00000000200000c0      0x1cc load address 0x0000000010004de0
                0x00000000200000c0                __data_start__ = .
 *(vtable)
 *(.time_critical*)
 .time_critical.mutex_enter_blocking
                0x00000000200000c0       0x64 CMakeFiles/main.dir/home/wsl/pico/pico-sdk/src/common/pico_sync/mutex.c.obj
                0x00000000200000c0                mutex_enter_blocking
 .time_critical.mutex_try_enter
                0x0000000020000124       0x48 CMakeFiles/main.dir/home/wsl/pico/pico-sdk/src/common/pico_sync/mutex.c.obj
                0x0000000020000124                mutex_try_enter
 .time_critical.mutex_exit
                0x000000002000016c       0x4c CMakeFiles/main.dir/home/wsl/pico/pico-sdk/src/common/pico_sync/mutex.c.obj
                0x000000002000016c                mutex_exit
 *(.text*)
 .text          0x00000000200001b8        0x4 /usr/lib/gcc/arm-none-eabi/9.2.1/thumb/v6-m/nofp/libgcc.a(_dvmd_tls.o)
                0x00000000200001b8                __aeabi_ldiv0
                0x00000000200001b8                __aeabi_idiv0
 *fill*         0x00000000200001bc        0x4 
 .text.__stub   0x00000000200001c0       0x10 linker stubs
                0x00000000200001d0                . = ALIGN (0x4)
 *(.rodata*)
                0x00000000200001d0                . = ALIGN (0x4)
 *(.data*)
 .data.striped_spin_lock_num
                0x00000000200001d0        0x1 CMakeFiles/main.dir/home/wsl/pico/pico-sdk/src/rp2_common/hardware_sync/sync.c.obj
 *fill*         0x00000000200001d1        0x3 
 .data.default_alarm_pool
                0x00000000200001d4       0x18 CMakeFiles/main.dir/home/wsl/pico/pico-sdk/src/common/pico_time/time.c.obj
 .data.default_alarm_pool_heap
                0x00000000200001ec       0x10 CMakeFiles/main.dir/home/wsl/pico/pico-sdk/src/common/pico_time/time.c.obj
 .data          0x00000000200001fc       0x48 CMakeFiles/main.dir/home/wsl/pico/pico-sdk/src/rp2_common/hardware_irq/irq_handler_chain.S.obj
                0x00000000200001fc                irq_handler_chain_slots
                0x000000002000022c                irq_handler_chain_first_slot
                0x0000000020000236                irq_handler_chain_remove_tail
 *fill*         0x0000000020000244        0xc 
 .data.aeabi_bits_funcs
                0x0000000020000250       0x10 CMakeFiles/main.dir/home/wsl/pico/pico-sdk/src/rp2_common/pico_bit_ops/bit_ops_aeabi.S.obj
                0x0000000020000250                aeabi_bits_funcs
                0x0000000020000260                aeabi_bits_funcs_end
 .data.aeabi_mem_funcs
                0x0000000020000260       0x10 CMakeFiles/main.dir/home/wsl/pico/pico-sdk/src/rp2_common/pico_mem_ops/mem_ops_aeabi.S.obj
                0x0000000020000260                aeabi_mem_funcs
                0x0000000020000270                aeabi_mem_funcs_end
                0x0000000020000270                . = ALIGN (0x4)
 *(.after_data.*)
                0x0000000020000270                . = ALIGN (0x4)
                0x0000000020000270                PROVIDE (__mutex_array_start = .)
 *(SORT_BY_NAME(.mutex_array.*))
 *(.mutex_array)
 .mutex_array   0x0000000020000270        0x8 CMakeFiles/main.dir/home/wsl/pico/pico-sdk/src/rp2_common/pico_stdio/stdio.c.obj
                0x0000000020000278                PROVIDE (__mutex_array_end = .)
                0x0000000020000278                . = ALIGN (0x4)
                0x0000000020000278                PROVIDE (__preinit_array_start = .)
 *(SORT_BY_NAME(.preinit_array.*))
 .preinit_array.00001
                0x0000000020000278        0x4 CMakeFiles/main.dir/home/wsl/pico/pico-sdk/src/rp2_common/pico_mem_ops/mem_ops_aeabi.S.obj
 .preinit_array.00010
                0x000000002000027c        0x4 CMakeFiles/main.dir/home/wsl/pico/pico-sdk/src/rp2_common/pico_bit_ops/bit_ops_aeabi.S.obj
 .preinit_array.00020
                0x0000000020000280        0x4 CMakeFiles/main.dir/home/wsl/pico/pico-sdk/src/rp2_common/pico_double/double_aeabi.S.obj
 .preinit_array.00020
                0x0000000020000284        0x4 CMakeFiles/main.dir/home/wsl/pico/pico-sdk/src/rp2_common/pico_float/float_aeabi.S.obj
 *(.preinit_array)
                0x0000000020000288                PROVIDE (__preinit_array_end = .)
                0x0000000020000288                . = ALIGN (0x4)
                0x0000000020000288                PROVIDE (__init_array_start = .)
 *(SORT_BY_NAME(.init_array.*))
 *(.init_array)
 .init_array    0x0000000020000288        0x4 /usr/lib/gcc/arm-none-eabi/9.2.1/thumb/v6-m/nofp/crtbegin.o
                0x000000002000028c                PROVIDE (__init_array_end = .)
                0x000000002000028c                . = ALIGN (0x4)
                0x000000002000028c                PROVIDE (__fini_array_start = .)
 *(SORT_BY_NAME(.fini_array.*))
 *(.fini_array)
                0x000000002000028c                PROVIDE (__fini_array_end = .)
 *(.jcr)
                0x000000002000028c                . = ALIGN (0x4)
                0x000000002000028c                __data_end__ = .

.tm_clone_table
                0x000000002000028c        0x0 load address 0x0000000010004fac
 .tm_clone_table
                0x000000002000028c        0x0 /usr/lib/gcc/arm-none-eabi/9.2.1/thumb/v6-m/nofp/crtbegin.o
 .tm_clone_table
                0x000000002000028c        0x0 /usr/lib/gcc/arm-none-eabi/9.2.1/thumb/v6-m/nofp/crtend.o

.igot.plt       0x000000002000028c        0x0 load address 0x0000000010004fac
 .igot.plt      0x000000002000028c        0x0 /usr/lib/gcc/arm-none-eabi/9.2.1/thumb/v6-m/nofp/crtbegin.o

.uninitialized_data
                0x000000002000028c        0x0 load address 0x0000000010004fac
                0x000000002000028c                . = ALIGN (0x4)
 *(.uninitialized_data*)

.scratch_x      0x0000000020040000        0x0 load address 0x0000000010004fac
                0x0000000020040000                __scratch_x_start__ = .
 *(.scratch_x.*)
                0x0000000020040000                . = ALIGN (0x4)
                0x0000000020040000                __scratch_x_end__ = .
                0x0000000010004fac                __scratch_x_source__ = LOADADDR (.scratch_x)

.scratch_y      0x0000000020041000        0x0 load address 0x0000000010004fac
                0x0000000020041000                __scratch_y_start__ = .
 *(.scratch_y.*)
                0x0000000020041000                . = ALIGN (0x4)
                0x0000000020041000                __scratch_y_end__ = .
                0x0000000010004fac                __scratch_y_source__ = LOADADDR (.scratch_y)

.bss            0x0000000020000290      0x3c4
                0x0000000020000290                . = ALIGN (0x4)
                0x0000000020000290                __bss_start__ = .
 *(SORT_BY_ALIGNMENT(SORT_BY_NAME(.bss*)))
 .bss.default_alarm_pool_entries
                0x0000000020000290      0x100 CMakeFiles/main.dir/home/wsl/pico/pico-sdk/src/common/pico_time/time.c.obj
 .bss           0x0000000020000390       0x1c /usr/lib/gcc/arm-none-eabi/9.2.1/thumb/v6-m/nofp/crtbegin.o
 .bss.alarm_callbacks
                0x00000000200003ac       0x10 CMakeFiles/main.dir/home/wsl/pico/pico-sdk/src/rp2_common/hardware_timer/timer.c.obj
 .bss.configured_freq
                0x00000000200003bc       0x28 CMakeFiles/main.dir/home/wsl/pico/pico-sdk/src/rp2_common/hardware_clocks/clocks.c.obj
 .bss.default_alarm_pool_entry_ids_high
                0x00000000200003e4       0x10 CMakeFiles/main.dir/home/wsl/pico/pico-sdk/src/common/pico_time/time.c.obj
 .bss.default_alarm_pool_heap_nodes
                0x00000000200003f4       0x30 CMakeFiles/main.dir/home/wsl/pico/pico-sdk/src/common/pico_time/time.c.obj
 .bss.drivers   0x0000000020000424        0x4 CMakeFiles/main.dir/home/wsl/pico/pico-sdk/src/rp2_common/pico_stdio/stdio.c.obj
 .bss.filter    0x0000000020000428        0x4 CMakeFiles/main.dir/home/wsl/pico/pico-sdk/src/rp2_common/pico_stdio/stdio.c.obj
 .bss.pools     0x000000002000042c       0x10 CMakeFiles/main.dir/home/wsl/pico/pico-sdk/src/common/pico_time/time.c.obj
 .bss.target_hi
                0x000000002000043c       0x10 CMakeFiles/main.dir/home/wsl/pico/pico-sdk/src/rp2_common/hardware_timer/timer.c.obj
 .bss.claimed   0x000000002000044c        0x1 CMakeFiles/main.dir/home/wsl/pico/pico-sdk/src/rp2_common/hardware_timer/timer.c.obj
 .bss.irq_hander_chain_free_slot_head
                0x000000002000044d        0x1 CMakeFiles/main.dir/home/wsl/pico/pico-sdk/src/rp2_common/hardware_irq/irq.c.obj
 .bss.timer_callbacks_pending
                0x000000002000044e        0x1 CMakeFiles/main.dir/home/wsl/pico/pico-sdk/src/rp2_common/hardware_timer/timer.c.obj
 *(COMMON)
 *fill*         0x000000002000044f        0x1 
 COMMON         0x0000000020000450      0x100 CMakeFiles/main.dir/home/wsl/pico/pico-sdk/src/rp2_common/pico_double/double_init_rom.c.obj
                0x0000000020000450                sd_table
 COMMON         0x0000000020000550      0x104 CMakeFiles/main.dir/home/wsl/pico/pico-sdk/src/rp2_common/pico_float/float_init_rom.c.obj
                0x0000000020000550                sf_table
                0x0000000020000650                sf_clz_func
                0x0000000020000654                . = ALIGN (0x4)
                0x0000000020000654                __bss_end__ = .

.heap           0x0000000020000654      0x800
                0x0000000020000654                __end__ = .
                0x0000000020000654                end = __end__
 *(.heap*)
 .heap          0x0000000020000654      0x800 CMakeFiles/main.dir/home/wsl/pico/pico-sdk/src/rp2_common/pico_standard_link/crt0.S.obj
                0x0000000020000e54                __HeapLimit = .

.stack1_dummy   0x0000000020040000        0x0
 *(.stack1*)

.stack_dummy    0x0000000020041000      0x800
 *(.stack*)
 .stack         0x0000000020041000      0x800 CMakeFiles/main.dir/home/wsl/pico/pico-sdk/src/rp2_common/pico_standard_link/crt0.S.obj

.flash_end      0x0000000010004fac        0x0
                0x0000000010004fac                __flash_binary_end = .
                0x0000000020040000                __StackLimit = (ORIGIN (RAM) + LENGTH (RAM))
                0x0000000020041000                __StackOneTop = (ORIGIN (SCRATCH_X) + LENGTH (SCRATCH_X))
                0x0000000020042000                __StackTop = (ORIGIN (SCRATCH_Y) + LENGTH (SCRATCH_Y))
                0x0000000020041000                __StackOneBottom = (__StackOneTop - SIZEOF (.stack1_dummy))
                0x0000000020041800                __StackBottom = (__StackTop - SIZEOF (.stack_dummy))
                0x0000000020042000                PROVIDE (__stack = __StackTop)
                0x0000000000000001                ASSERT ((__StackLimit >= __HeapLimit), region RAM overflowed)
                0x0000000000000001                ASSERT (((__binary_info_header_end - __logical_binary_start) <= 0x100), Binary info must be in first 256 bytes of the binary)
LOAD CMakeFiles/main.dir/main.c.obj
LOAD CMakeFiles/main.dir/home/wsl/pico/pico-sdk/src/rp2_common/pico_stdlib/stdlib.c.obj
LOAD CMakeFiles/main.dir/home/wsl/pico/pico-sdk/src/rp2_common/hardware_gpio/gpio.c.obj
LOAD CMakeFiles/main.dir/home/wsl/pico/pico-sdk/src/rp2_common/hardware_claim/claim.c.obj
LOAD CMakeFiles/main.dir/home/wsl/pico/pico-sdk/src/rp2_common/hardware_sync/sync.c.obj
LOAD CMakeFiles/main.dir/home/wsl/pico/pico-sdk/src/rp2_common/pico_platform/platform.c.obj
LOAD CMakeFiles/main.dir/home/wsl/pico/pico-sdk/src/rp2_common/hardware_uart/uart.c.obj
LOAD CMakeFiles/main.dir/home/wsl/pico/pico-sdk/src/rp2_common/hardware_divider/divider.S.obj
LOAD CMakeFiles/main.dir/home/wsl/pico/pico-sdk/src/common/pico_time/time.c.obj
LOAD CMakeFiles/main.dir/home/wsl/pico/pico-sdk/src/common/pico_time/timeout_helper.c.obj
LOAD CMakeFiles/main.dir/home/wsl/pico/pico-sdk/src/rp2_common/hardware_timer/timer.c.obj
LOAD CMakeFiles/main.dir/home/wsl/pico/pico-sdk/src/common/pico_sync/sem.c.obj
LOAD CMakeFiles/main.dir/home/wsl/pico/pico-sdk/src/common/pico_sync/lock_core.c.obj
LOAD CMakeFiles/main.dir/home/wsl/pico/pico-sdk/src/common/pico_sync/mutex.c.obj
LOAD CMakeFiles/main.dir/home/wsl/pico/pico-sdk/src/common/pico_sync/critical_section.c.obj
LOAD CMakeFiles/main.dir/home/wsl/pico/pico-sdk/src/common/pico_util/datetime.c.obj
LOAD CMakeFiles/main.dir/home/wsl/pico/pico-sdk/src/common/pico_util/pheap.c.obj
LOAD CMakeFiles/main.dir/home/wsl/pico/pico-sdk/src/common/pico_util/queue.c.obj
LOAD CMakeFiles/main.dir/home/wsl/pico/pico-sdk/src/rp2_common/pico_runtime/runtime.c.obj
LOAD CMakeFiles/main.dir/home/wsl/pico/pico-sdk/src/rp2_common/hardware_clocks/clocks.c.obj
LOAD CMakeFiles/main.dir/home/wsl/pico/pico-sdk/src/rp2_common/hardware_watchdog/watchdog.c.obj
LOAD CMakeFiles/main.dir/home/wsl/pico/pico-sdk/src/rp2_common/hardware_xosc/xosc.c.obj
LOAD CMakeFiles/main.dir/home/wsl/pico/pico-sdk/src/rp2_common/hardware_pll/pll.c.obj
LOAD CMakeFiles/main.dir/home/wsl/pico/pico-sdk/src/rp2_common/hardware_vreg/vreg.c.obj
LOAD CMakeFiles/main.dir/home/wsl/pico/pico-sdk/src/rp2_common/hardware_irq/irq.c.obj
LOAD CMakeFiles/main.dir/home/wsl/pico/pico-sdk/src/rp2_common/hardware_irq/irq_handler_chain.S.obj
LOAD CMakeFiles/main.dir/home/wsl/pico/pico-sdk/src/rp2_common/pico_printf/printf.c.obj
LOAD CMakeFiles/main.dir/home/wsl/pico/pico-sdk/src/rp2_common/pico_bit_ops/bit_ops_aeabi.S.obj
LOAD CMakeFiles/main.dir/home/wsl/pico/pico-sdk/src/rp2_common/pico_bootrom/bootrom.c.obj
LOAD CMakeFiles/main.dir/home/wsl/pico/pico-sdk/src/rp2_common/pico_divider/divider.S.obj
LOAD CMakeFiles/main.dir/home/wsl/pico/pico-sdk/src/rp2_common/pico_double/double_aeabi.S.obj
LOAD CMakeFiles/main.dir/home/wsl/pico/pico-sdk/src/rp2_common/pico_double/double_init_rom.c.obj
LOAD CMakeFiles/main.dir/home/wsl/pico/pico-sdk/src/rp2_common/pico_double/double_math.c.obj
LOAD CMakeFiles/main.dir/home/wsl/pico/pico-sdk/src/rp2_common/pico_double/double_v1_rom_shim.S.obj
LOAD CMakeFiles/main.dir/home/wsl/pico/pico-sdk/src/rp2_common/pico_int64_ops/pico_int64_ops_aeabi.S.obj
LOAD CMakeFiles/main.dir/home/wsl/pico/pico-sdk/src/rp2_common/pico_float/float_aeabi.S.obj
LOAD CMakeFiles/main.dir/home/wsl/pico/pico-sdk/src/rp2_common/pico_float/float_init_rom.c.obj
LOAD CMakeFiles/main.dir/home/wsl/pico/pico-sdk/src/rp2_common/pico_float/float_math.c.obj
LOAD CMakeFiles/main.dir/home/wsl/pico/pico-sdk/src/rp2_common/pico_float/float_v1_rom_shim.S.obj
LOAD CMakeFiles/main.dir/home/wsl/pico/pico-sdk/src/rp2_common/pico_malloc/pico_malloc.c.obj
LOAD CMakeFiles/main.dir/home/wsl/pico/pico-sdk/src/rp2_common/pico_mem_ops/mem_ops_aeabi.S.obj
LOAD CMakeFiles/main.dir/home/wsl/pico/pico-sdk/src/rp2_common/pico_standard_link/crt0.S.obj
LOAD CMakeFiles/main.dir/home/wsl/pico/pico-sdk/src/rp2_common/pico_standard_link/new_delete.cpp.obj
LOAD CMakeFiles/main.dir/home/wsl/pico/pico-sdk/src/rp2_common/pico_standard_link/binary_info.c.obj
LOAD CMakeFiles/main.dir/home/wsl/pico/pico-sdk/src/rp2_common/pico_stdio/stdio.c.obj
LOAD CMakeFiles/main.dir/home/wsl/pico/pico-sdk/src/rp2_common/pico_stdio_uart/stdio_uart.c.obj
LOAD /tmp/ccLs4TkV.o
LOAD /usr/lib/gcc/arm-none-eabi/9.2.1/../../../arm-none-eabi/lib/thumb/v6-m/nofp/libstdc++.a
LOAD /usr/lib/gcc/arm-none-eabi/9.2.1/../../../arm-none-eabi/lib/thumb/v6-m/nofp/libm.a
START GROUP
LOAD /usr/lib/gcc/arm-none-eabi/9.2.1/thumb/v6-m/nofp/libgcc.a
LOAD /usr/lib/gcc/arm-none-eabi/9.2.1/../../../arm-none-eabi/lib/thumb/v6-m/nofp/libg.a
LOAD /usr/lib/gcc/arm-none-eabi/9.2.1/../../../arm-none-eabi/lib/thumb/v6-m/nofp/libc.a
END GROUP
START GROUP
LOAD /usr/lib/gcc/arm-none-eabi/9.2.1/thumb/v6-m/nofp/libgcc.a
LOAD /usr/lib/gcc/arm-none-eabi/9.2.1/../../../arm-none-eabi/lib/thumb/v6-m/nofp/libc.a
LOAD /usr/lib/gcc/arm-none-eabi/9.2.1/../../../arm-none-eabi/lib/thumb/v6-m/nofp/libnosys.a
END GROUP
LOAD /usr/lib/gcc/arm-none-eabi/9.2.1/thumb/v6-m/nofp/crtend.o
LOAD /usr/lib/gcc/arm-none-eabi/9.2.1/thumb/v6-m/nofp/crtn.o
OUTPUT(main.elf elf32-littlearm)
LOAD linker stubs

.ARM.attributes
                0x0000000000000000       0x28
 .ARM.attributes
                0x0000000000000000       0x1e /usr/lib/gcc/arm-none-eabi/9.2.1/thumb/v6-m/nofp/crti.o
 .ARM.attributes
                0x000000000000001e       0x2c /usr/lib/gcc/arm-none-eabi/9.2.1/thumb/v6-m/nofp/crtbegin.o
 .ARM.attributes
                0x000000000000004a       0x2c CMakeFiles/main.dir/main.c.obj
 .ARM.attributes
                0x0000000000000076       0x2c CMakeFiles/main.dir/home/wsl/pico/pico-sdk/src/rp2_common/hardware_gpio/gpio.c.obj
 .ARM.attributes
                0x00000000000000a2       0x2c CMakeFiles/main.dir/home/wsl/pico/pico-sdk/src/rp2_common/hardware_claim/claim.c.obj
 .ARM.attributes
                0x00000000000000ce       0x2c CMakeFiles/main.dir/home/wsl/pico/pico-sdk/src/rp2_common/hardware_sync/sync.c.obj
 .ARM.attributes
                0x00000000000000fa       0x2c CMakeFiles/main.dir/home/wsl/pico/pico-sdk/src/rp2_common/pico_platform/platform.c.obj
 .ARM.attributes
                0x0000000000000126       0x2c CMakeFiles/main.dir/home/wsl/pico/pico-sdk/src/common/pico_time/time.c.obj
 .ARM.attributes
                0x0000000000000152       0x2c CMakeFiles/main.dir/home/wsl/pico/pico-sdk/src/rp2_common/hardware_timer/timer.c.obj
 .ARM.attributes
                0x000000000000017e       0x2c CMakeFiles/main.dir/home/wsl/pico/pico-sdk/src/common/pico_sync/lock_core.c.obj
 .ARM.attributes
                0x00000000000001aa       0x2c CMakeFiles/main.dir/home/wsl/pico/pico-sdk/src/common/pico_sync/mutex.c.obj
 .ARM.attributes
                0x00000000000001d6       0x2c CMakeFiles/main.dir/home/wsl/pico/pico-sdk/src/common/pico_util/pheap.c.obj
 .ARM.attributes
                0x0000000000000202       0x2c CMakeFiles/main.dir/home/wsl/pico/pico-sdk/src/rp2_common/pico_runtime/runtime.c.obj
 .ARM.attributes
                0x000000000000022e       0x2c CMakeFiles/main.dir/home/wsl/pico/pico-sdk/src/rp2_common/hardware_clocks/clocks.c.obj
 .ARM.attributes
                0x000000000000025a       0x2c CMakeFiles/main.dir/home/wsl/pico/pico-sdk/src/rp2_common/hardware_watchdog/watchdog.c.obj
 .ARM.attributes
                0x0000000000000286       0x2c CMakeFiles/main.dir/home/wsl/pico/pico-sdk/src/rp2_common/hardware_xosc/xosc.c.obj
 .ARM.attributes
                0x00000000000002b2       0x2c CMakeFiles/main.dir/home/wsl/pico/pico-sdk/src/rp2_common/hardware_pll/pll.c.obj
 .ARM.attributes
                0x00000000000002de       0x2c CMakeFiles/main.dir/home/wsl/pico/pico-sdk/src/rp2_common/hardware_irq/irq.c.obj
 .ARM.attributes
                0x000000000000030a       0x22 CMakeFiles/main.dir/home/wsl/pico/pico-sdk/src/rp2_common/hardware_irq/irq_handler_chain.S.obj
 .ARM.attributes
                0x000000000000032c       0x2c CMakeFiles/main.dir/home/wsl/pico/pico-sdk/src/rp2_common/pico_printf/printf.c.obj
 .ARM.attributes
                0x0000000000000358       0x22 CMakeFiles/main.dir/home/wsl/pico/pico-sdk/src/rp2_common/pico_bit_ops/bit_ops_aeabi.S.obj
 .ARM.attributes
                0x000000000000037a       0x2c CMakeFiles/main.dir/home/wsl/pico/pico-sdk/src/rp2_common/pico_bootrom/bootrom.c.obj
 .ARM.attributes
                0x00000000000003a6       0x22 CMakeFiles/main.dir/home/wsl/pico/pico-sdk/src/rp2_common/pico_divider/divider.S.obj
 .ARM.attributes
                0x00000000000003c8       0x22 CMakeFiles/main.dir/home/wsl/pico/pico-sdk/src/rp2_common/pico_double/double_aeabi.S.obj
 .ARM.attributes
                0x00000000000003ea       0x2c CMakeFiles/main.dir/home/wsl/pico/pico-sdk/src/rp2_common/pico_double/double_init_rom.c.obj
 .ARM.attributes
                0x0000000000000416       0x22 CMakeFiles/main.dir/home/wsl/pico/pico-sdk/src/rp2_common/pico_double/double_v1_rom_shim.S.obj
 .ARM.attributes
                0x0000000000000438       0x22 CMakeFiles/main.dir/home/wsl/pico/pico-sdk/src/rp2_common/pico_int64_ops/pico_int64_ops_aeabi.S.obj
 .ARM.attributes
                0x000000000000045a       0x22 CMakeFiles/main.dir/home/wsl/pico/pico-sdk/src/rp2_common/pico_float/float_aeabi.S.obj
 .ARM.attributes
                0x000000000000047c       0x2c CMakeFiles/main.dir/home/wsl/pico/pico-sdk/src/rp2_common/pico_float/float_init_rom.c.obj
 .ARM.attributes
                0x00000000000004a8       0x22 CMakeFiles/main.dir/home/wsl/pico/pico-sdk/src/rp2_common/pico_float/float_v1_rom_shim.S.obj
 .ARM.attributes
                0x00000000000004ca       0x22 CMakeFiles/main.dir/home/wsl/pico/pico-sdk/src/rp2_common/pico_mem_ops/mem_ops_aeabi.S.obj
 .ARM.attributes
                0x00000000000004ec       0x22 CMakeFiles/main.dir/home/wsl/pico/pico-sdk/src/rp2_common/pico_standard_link/crt0.S.obj
 .ARM.attributes
                0x000000000000050e       0x32 CMakeFiles/main.dir/home/wsl/pico/pico-sdk/src/rp2_common/pico_standard_link/binary_info.c.obj
 .ARM.attributes
                0x0000000000000540       0x2c CMakeFiles/main.dir/home/wsl/pico/pico-sdk/src/rp2_common/pico_stdio/stdio.c.obj
 .ARM.attributes
                0x000000000000056c       0x22 /tmp/ccLs4TkV.o
 .ARM.attributes
                0x000000000000058e       0x1e /usr/lib/gcc/arm-none-eabi/9.2.1/thumb/v6-m/nofp/libgcc.a(_dvmd_tls.o)
 .ARM.attributes
                0x00000000000005ac       0x2c /usr/lib/gcc/arm-none-eabi/9.2.1/../../../arm-none-eabi/lib/thumb/v6-m/nofp/libg.a(lib_a-strlen-stub.o)
 .ARM.attributes
                0x00000000000005d8       0x2c /usr/lib/gcc/arm-none-eabi/9.2.1/thumb/v6-m/nofp/crtend.o

.comment        0x0000000000000000       0xa7
 .comment       0x0000000000000000       0x59 /usr/lib/gcc/arm-none-eabi/9.2.1/thumb/v6-m/nofp/crtbegin.o
                                         0x5a (size before relaxing)
 .comment       0x0000000000000059       0x5a CMakeFiles/main.dir/main.c.obj
 .comment       0x0000000000000059       0x5a CMakeFiles/main.dir/home/wsl/pico/pico-sdk/src/rp2_common/hardware_gpio/gpio.c.obj
 .comment       0x0000000000000059       0x5a CMakeFiles/main.dir/home/wsl/pico/pico-sdk/src/rp2_common/hardware_claim/claim.c.obj
 .comment       0x0000000000000059       0x5a CMakeFiles/main.dir/home/wsl/pico/pico-sdk/src/rp2_common/hardware_sync/sync.c.obj
 .comment       0x0000000000000059       0x5a CMakeFiles/main.dir/home/wsl/pico/pico-sdk/src/rp2_common/pico_platform/platform.c.obj
 .comment       0x0000000000000059       0x5a CMakeFiles/main.dir/home/wsl/pico/pico-sdk/src/common/pico_time/time.c.obj
 .comment       0x0000000000000059       0x5a CMakeFiles/main.dir/home/wsl/pico/pico-sdk/src/rp2_common/hardware_timer/timer.c.obj
 .comment       0x0000000000000059       0x5a CMakeFiles/main.dir/home/wsl/pico/pico-sdk/src/common/pico_sync/lock_core.c.obj
 .comment       0x0000000000000059       0x5a CMakeFiles/main.dir/home/wsl/pico/pico-sdk/src/common/pico_sync/mutex.c.obj
 .comment       0x0000000000000059       0x5a CMakeFiles/main.dir/home/wsl/pico/pico-sdk/src/common/pico_util/pheap.c.obj
 .comment       0x0000000000000059       0x5a CMakeFiles/main.dir/home/wsl/pico/pico-sdk/src/rp2_common/pico_runtime/runtime.c.obj
 .comment       0x0000000000000059       0x5a CMakeFiles/main.dir/home/wsl/pico/pico-sdk/src/rp2_common/hardware_clocks/clocks.c.obj
 .comment       0x0000000000000059       0x5a CMakeFiles/main.dir/home/wsl/pico/pico-sdk/src/rp2_common/hardware_watchdog/watchdog.c.obj
 .comment       0x0000000000000059       0x5a CMakeFiles/main.dir/home/wsl/pico/pico-sdk/src/rp2_common/hardware_xosc/xosc.c.obj
 .comment       0x0000000000000059       0x5a CMakeFiles/main.dir/home/wsl/pico/pico-sdk/src/rp2_common/hardware_pll/pll.c.obj
 .comment       0x0000000000000059       0x5a CMakeFiles/main.dir/home/wsl/pico/pico-sdk/src/rp2_common/hardware_irq/irq.c.obj
 .comment       0x0000000000000059       0x5a CMakeFiles/main.dir/home/wsl/pico/pico-sdk/src/rp2_common/pico_printf/printf.c.obj
 .comment       0x0000000000000059       0x5a CMakeFiles/main.dir/home/wsl/pico/pico-sdk/src/rp2_common/pico_bootrom/bootrom.c.obj
 .comment       0x0000000000000059       0x5a CMakeFiles/main.dir/home/wsl/pico/pico-sdk/src/rp2_common/pico_double/double_init_rom.c.obj
 .comment       0x0000000000000059       0x5a CMakeFiles/main.dir/home/wsl/pico/pico-sdk/src/rp2_common/pico_float/float_init_rom.c.obj
 .comment       0x0000000000000059       0x5a CMakeFiles/main.dir/home/wsl/pico/pico-sdk/src/rp2_common/pico_standard_link/binary_info.c.obj
 .comment       0x0000000000000059       0x5a CMakeFiles/main.dir/home/wsl/pico/pico-sdk/src/rp2_common/pico_stdio/stdio.c.obj
 .comment       0x0000000000000059       0x4e /usr/lib/gcc/arm-none-eabi/9.2.1/../../../arm-none-eabi/lib/thumb/v6-m/nofp/libg.a(lib_a-strlen-stub.o)
                                         0x4f (size before relaxing)
 .comment       0x00000000000000a7       0x5a /usr/lib/gcc/arm-none-eabi/9.2.1/thumb/v6-m/nofp/crtend.o

.debug_info     0x0000000000000000    0x14a4a
 .debug_info    0x0000000000000000      0x62f CMakeFiles/main.dir/main.c.obj
 .debug_info    0x000000000000062f     0x1111 CMakeFiles/main.dir/home/wsl/pico/pico-sdk/src/rp2_common/hardware_gpio/gpio.c.obj
 .debug_info    0x0000000000001740      0x608 CMakeFiles/main.dir/home/wsl/pico/pico-sdk/src/rp2_common/hardware_claim/claim.c.obj
 .debug_info    0x0000000000001d48      0x48d CMakeFiles/main.dir/home/wsl/pico/pico-sdk/src/rp2_common/hardware_sync/sync.c.obj
 .debug_info    0x00000000000021d5      0x1cb CMakeFiles/main.dir/home/wsl/pico/pico-sdk/src/rp2_common/pico_platform/platform.c.obj
 .debug_info    0x00000000000023a0     0x4038 CMakeFiles/main.dir/home/wsl/pico/pico-sdk/src/common/pico_time/time.c.obj
 .debug_info    0x00000000000063d8     0x1007 CMakeFiles/main.dir/home/wsl/pico/pico-sdk/src/rp2_common/hardware_timer/timer.c.obj
 .debug_info    0x00000000000073df      0x16f CMakeFiles/main.dir/home/wsl/pico/pico-sdk/src/common/pico_sync/lock_core.c.obj
 .debug_info    0x000000000000754e      0xd97 CMakeFiles/main.dir/home/wsl/pico/pico-sdk/src/common/pico_sync/mutex.c.obj
 .debug_info    0x00000000000082e5     0x1aa5 CMakeFiles/main.dir/home/wsl/pico/pico-sdk/src/common/pico_util/pheap.c.obj
 .debug_info    0x0000000000009d8a     0x1243 CMakeFiles/main.dir/home/wsl/pico/pico-sdk/src/rp2_common/pico_runtime/runtime.c.obj
 .debug_info    0x000000000000afcd     0x1007 CMakeFiles/main.dir/home/wsl/pico/pico-sdk/src/rp2_common/hardware_clocks/clocks.c.obj
 .debug_info    0x000000000000bfd4      0xd2c CMakeFiles/main.dir/home/wsl/pico/pico-sdk/src/rp2_common/hardware_watchdog/watchdog.c.obj
 .debug_info    0x000000000000cd00      0x1fc CMakeFiles/main.dir/home/wsl/pico/pico-sdk/src/rp2_common/hardware_xosc/xosc.c.obj
 .debug_info    0x000000000000cefc      0x37d CMakeFiles/main.dir/home/wsl/pico/pico-sdk/src/rp2_common/hardware_pll/pll.c.obj
 .debug_info    0x000000000000d279     0x18a5 CMakeFiles/main.dir/home/wsl/pico/pico-sdk/src/rp2_common/hardware_irq/irq.c.obj
 .debug_info    0x000000000000eb1e       0x26 CMakeFiles/main.dir/home/wsl/pico/pico-sdk/src/rp2_common/hardware_irq/irq_handler_chain.S.obj
 .debug_info    0x000000000000eb44     0x1fbf CMakeFiles/main.dir/home/wsl/pico/pico-sdk/src/rp2_common/pico_printf/printf.c.obj
 .debug_info    0x0000000000010b03       0x22 CMakeFiles/main.dir/home/wsl/pico/pico-sdk/src/rp2_common/pico_bit_ops/bit_ops_aeabi.S.obj
 .debug_info    0x0000000000010b25      0x20d CMakeFiles/main.dir/home/wsl/pico/pico-sdk/src/rp2_common/pico_bootrom/bootrom.c.obj
 .debug_info    0x0000000000010d32       0x22 CMakeFiles/main.dir/home/wsl/pico/pico-sdk/src/rp2_common/pico_divider/divider.S.obj
 .debug_info    0x0000000000010d54       0x22 CMakeFiles/main.dir/home/wsl/pico/pico-sdk/src/rp2_common/pico_double/double_aeabi.S.obj
 .debug_info    0x0000000000010d76      0xaf9 CMakeFiles/main.dir/home/wsl/pico/pico-sdk/src/rp2_common/pico_double/double_init_rom.c.obj
 .debug_info    0x000000000001186f       0x22 CMakeFiles/main.dir/home/wsl/pico/pico-sdk/src/rp2_common/pico_double/double_v1_rom_shim.S.obj
 .debug_info    0x0000000000011891       0x26 CMakeFiles/main.dir/home/wsl/pico/pico-sdk/src/rp2_common/pico_int64_ops/pico_int64_ops_aeabi.S.obj
 .debug_info    0x00000000000118b7       0x22 CMakeFiles/main.dir/home/wsl/pico/pico-sdk/src/rp2_common/pico_float/float_aeabi.S.obj
 .debug_info    0x00000000000118d9      0xb42 CMakeFiles/main.dir/home/wsl/pico/pico-sdk/src/rp2_common/pico_float/float_init_rom.c.obj
 .debug_info    0x000000000001241b       0x22 CMakeFiles/main.dir/home/wsl/pico/pico-sdk/src/rp2_common/pico_float/float_v1_rom_shim.S.obj
 .debug_info    0x000000000001243d       0x22 CMakeFiles/main.dir/home/wsl/pico/pico-sdk/src/rp2_common/pico_mem_ops/mem_ops_aeabi.S.obj
 .debug_info    0x000000000001245f       0x22 CMakeFiles/main.dir/home/wsl/pico/pico-sdk/src/rp2_common/pico_standard_link/crt0.S.obj
 .debug_info    0x0000000000012481      0x2c6 CMakeFiles/main.dir/home/wsl/pico/pico-sdk/src/rp2_common/pico_standard_link/binary_info.c.obj
 .debug_info    0x0000000000012747     0x196a CMakeFiles/main.dir/home/wsl/pico/pico-sdk/src/rp2_common/pico_stdio/stdio.c.obj
 .debug_info    0x00000000000140b1       0x26 /usr/lib/gcc/arm-none-eabi/9.2.1/thumb/v6-m/nofp/libgcc.a(_dvmd_tls.o)
 .debug_info    0x00000000000140d7      0x973 /usr/lib/gcc/arm-none-eabi/9.2.1/../../../arm-none-eabi/lib/thumb/v6-m/nofp/libg.a(lib_a-strlen-stub.o)

.debug_abbrev   0x0000000000000000     0x40e3
 .debug_abbrev  0x0000000000000000      0x1a1 CMakeFiles/main.dir/main.c.obj
 .debug_abbrev  0x00000000000001a1      0x2f1 CMakeFiles/main.dir/home/wsl/pico/pico-sdk/src/rp2_common/hardware_gpio/gpio.c.obj
 .debug_abbrev  0x0000000000000492      0x249 CMakeFiles/main.dir/home/wsl/pico/pico-sdk/src/rp2_common/hardware_claim/claim.c.obj
 .debug_abbrev  0x00000000000006db      0x1f8 CMakeFiles/main.dir/home/wsl/pico/pico-sdk/src/rp2_common/hardware_sync/sync.c.obj
 .debug_abbrev  0x00000000000008d3       0xeb CMakeFiles/main.dir/home/wsl/pico/pico-sdk/src/rp2_common/pico_platform/platform.c.obj
 .debug_abbrev  0x00000000000009be      0x60c CMakeFiles/main.dir/home/wsl/pico/pico-sdk/src/common/pico_time/time.c.obj
 .debug_abbrev  0x0000000000000fca      0x321 CMakeFiles/main.dir/home/wsl/pico/pico-sdk/src/rp2_common/hardware_timer/timer.c.obj
 .debug_abbrev  0x00000000000012eb      0x114 CMakeFiles/main.dir/home/wsl/pico/pico-sdk/src/common/pico_sync/lock_core.c.obj
 .debug_abbrev  0x00000000000013ff      0x32a CMakeFiles/main.dir/home/wsl/pico/pico-sdk/src/common/pico_sync/mutex.c.obj
 .debug_abbrev  0x0000000000001729      0x3ad CMakeFiles/main.dir/home/wsl/pico/pico-sdk/src/common/pico_util/pheap.c.obj
 .debug_abbrev  0x0000000000001ad6      0x424 CMakeFiles/main.dir/home/wsl/pico/pico-sdk/src/rp2_common/pico_runtime/runtime.c.obj
 .debug_abbrev  0x0000000000001efa      0x399 CMakeFiles/main.dir/home/wsl/pico/pico-sdk/src/rp2_common/hardware_clocks/clocks.c.obj
 .debug_abbrev  0x0000000000002293      0x2d8 CMakeFiles/main.dir/home/wsl/pico/pico-sdk/src/rp2_common/hardware_watchdog/watchdog.c.obj
 .debug_abbrev  0x000000000000256b      0x12c CMakeFiles/main.dir/home/wsl/pico/pico-sdk/src/rp2_common/hardware_xosc/xosc.c.obj
 .debug_abbrev  0x0000000000002697      0x1d3 CMakeFiles/main.dir/home/wsl/pico/pico-sdk/src/rp2_common/hardware_pll/pll.c.obj
 .debug_abbrev  0x000000000000286a      0x48b CMakeFiles/main.dir/home/wsl/pico/pico-sdk/src/rp2_common/hardware_irq/irq.c.obj
 .debug_abbrev  0x0000000000002cf5       0x14 CMakeFiles/main.dir/home/wsl/pico/pico-sdk/src/rp2_common/hardware_irq/irq_handler_chain.S.obj
 .debug_abbrev  0x0000000000002d09      0x4a1 CMakeFiles/main.dir/home/wsl/pico/pico-sdk/src/rp2_common/pico_printf/printf.c.obj
 .debug_abbrev  0x00000000000031aa       0x12 CMakeFiles/main.dir/home/wsl/pico/pico-sdk/src/rp2_common/pico_bit_ops/bit_ops_aeabi.S.obj
 .debug_abbrev  0x00000000000031bc       0xf8 CMakeFiles/main.dir/home/wsl/pico/pico-sdk/src/rp2_common/pico_bootrom/bootrom.c.obj
 .debug_abbrev  0x00000000000032b4       0x12 CMakeFiles/main.dir/home/wsl/pico/pico-sdk/src/rp2_common/pico_divider/divider.S.obj
 .debug_abbrev  0x00000000000032c6       0x12 CMakeFiles/main.dir/home/wsl/pico/pico-sdk/src/rp2_common/pico_double/double_aeabi.S.obj
 .debug_abbrev  0x00000000000032d8      0x2af CMakeFiles/main.dir/home/wsl/pico/pico-sdk/src/rp2_common/pico_double/double_init_rom.c.obj
 .debug_abbrev  0x0000000000003587       0x12 CMakeFiles/main.dir/home/wsl/pico/pico-sdk/src/rp2_common/pico_double/double_v1_rom_shim.S.obj
 .debug_abbrev  0x0000000000003599       0x14 CMakeFiles/main.dir/home/wsl/pico/pico-sdk/src/rp2_common/pico_int64_ops/pico_int64_ops_aeabi.S.obj
 .debug_abbrev  0x00000000000035ad       0x12 CMakeFiles/main.dir/home/wsl/pico/pico-sdk/src/rp2_common/pico_float/float_aeabi.S.obj
 .debug_abbrev  0x00000000000035bf      0x2c2 CMakeFiles/main.dir/home/wsl/pico/pico-sdk/src/rp2_common/pico_float/float_init_rom.c.obj
 .debug_abbrev  0x0000000000003881       0x12 CMakeFiles/main.dir/home/wsl/pico/pico-sdk/src/rp2_common/pico_float/float_v1_rom_shim.S.obj
 .debug_abbrev  0x0000000000003893       0x12 CMakeFiles/main.dir/home/wsl/pico/pico-sdk/src/rp2_common/pico_mem_ops/mem_ops_aeabi.S.obj
 .debug_abbrev  0x00000000000038a5       0x12 CMakeFiles/main.dir/home/wsl/pico/pico-sdk/src/rp2_common/pico_standard_link/crt0.S.obj
 .debug_abbrev  0x00000000000038b7       0xad CMakeFiles/main.dir/home/wsl/pico/pico-sdk/src/rp2_common/pico_standard_link/binary_info.c.obj
 .debug_abbrev  0x0000000000003964      0x583 CMakeFiles/main.dir/home/wsl/pico/pico-sdk/src/rp2_common/pico_stdio/stdio.c.obj
 .debug_abbrev  0x0000000000003ee7       0x14 /usr/lib/gcc/arm-none-eabi/9.2.1/thumb/v6-m/nofp/libgcc.a(_dvmd_tls.o)
 .debug_abbrev  0x0000000000003efb      0x1e8 /usr/lib/gcc/arm-none-eabi/9.2.1/../../../arm-none-eabi/lib/thumb/v6-m/nofp/libg.a(lib_a-strlen-stub.o)

.debug_loc      0x0000000000000000     0xb4ea
 .debug_loc     0x0000000000000000      0x114 CMakeFiles/main.dir/main.c.obj
 .debug_loc     0x0000000000000114      0xafe CMakeFiles/main.dir/home/wsl/pico/pico-sdk/src/rp2_common/hardware_gpio/gpio.c.obj
 .debug_loc     0x0000000000000c12      0x44a CMakeFiles/main.dir/home/wsl/pico/pico-sdk/src/rp2_common/hardware_claim/claim.c.obj
 .debug_loc     0x000000000000105c      0x1d7 CMakeFiles/main.dir/home/wsl/pico/pico-sdk/src/rp2_common/hardware_sync/sync.c.obj
 .debug_loc     0x0000000000001233       0xe9 CMakeFiles/main.dir/home/wsl/pico/pico-sdk/src/rp2_common/pico_platform/platform.c.obj
 .debug_loc     0x000000000000131c     0x2c89 CMakeFiles/main.dir/home/wsl/pico/pico-sdk/src/common/pico_time/time.c.obj
 .debug_loc     0x0000000000003fa5      0x8de CMakeFiles/main.dir/home/wsl/pico/pico-sdk/src/rp2_common/hardware_timer/timer.c.obj
 .debug_loc     0x0000000000004883       0x60 CMakeFiles/main.dir/home/wsl/pico/pico-sdk/src/common/pico_sync/lock_core.c.obj
 .debug_loc     0x00000000000048e3      0x6fb CMakeFiles/main.dir/home/wsl/pico/pico-sdk/src/common/pico_sync/mutex.c.obj
 .debug_loc     0x0000000000004fde     0x1412 CMakeFiles/main.dir/home/wsl/pico/pico-sdk/src/common/pico_util/pheap.c.obj
 .debug_loc     0x00000000000063f0      0x3c2 CMakeFiles/main.dir/home/wsl/pico/pico-sdk/src/rp2_common/pico_runtime/runtime.c.obj
 .debug_loc     0x00000000000067b2      0x890 CMakeFiles/main.dir/home/wsl/pico/pico-sdk/src/rp2_common/hardware_clocks/clocks.c.obj
 .debug_loc     0x0000000000007042      0x267 CMakeFiles/main.dir/home/wsl/pico/pico-sdk/src/rp2_common/hardware_watchdog/watchdog.c.obj
 .debug_loc     0x00000000000072a9       0x71 CMakeFiles/main.dir/home/wsl/pico/pico-sdk/src/rp2_common/hardware_xosc/xosc.c.obj
 .debug_loc     0x000000000000731a      0x22d CMakeFiles/main.dir/home/wsl/pico/pico-sdk/src/rp2_common/hardware_pll/pll.c.obj
 .debug_loc     0x0000000000007547     0x11a8 CMakeFiles/main.dir/home/wsl/pico/pico-sdk/src/rp2_common/hardware_irq/irq.c.obj
 .debug_loc     0x00000000000086ef     0x210c CMakeFiles/main.dir/home/wsl/pico/pico-sdk/src/rp2_common/pico_printf/printf.c.obj
 .debug_loc     0x000000000000a7fb      0x16f CMakeFiles/main.dir/home/wsl/pico/pico-sdk/src/rp2_common/pico_bootrom/bootrom.c.obj
 .debug_loc     0x000000000000a96a       0x59 CMakeFiles/main.dir/home/wsl/pico/pico-sdk/src/rp2_common/pico_double/double_init_rom.c.obj
 .debug_loc     0x000000000000a9c3       0x73 CMakeFiles/main.dir/home/wsl/pico/pico-sdk/src/rp2_common/pico_float/float_init_rom.c.obj
 .debug_loc     0x000000000000aa36      0xa11 CMakeFiles/main.dir/home/wsl/pico/pico-sdk/src/rp2_common/pico_stdio/stdio.c.obj
 .debug_loc     0x000000000000b447       0xa3 /usr/lib/gcc/arm-none-eabi/9.2.1/../../../arm-none-eabi/lib/thumb/v6-m/nofp/libg.a(lib_a-strlen-stub.o)

.debug_aranges  0x0000000000000000      0xc80
 .debug_aranges
                0x0000000000000000       0x20 CMakeFiles/main.dir/main.c.obj
 .debug_aranges
                0x0000000000000020       0xa0 CMakeFiles/main.dir/home/wsl/pico/pico-sdk/src/rp2_common/hardware_gpio/gpio.c.obj
 .debug_aranges
                0x00000000000000c0       0x48 CMakeFiles/main.dir/home/wsl/pico/pico-sdk/src/rp2_common/hardware_claim/claim.c.obj
 .debug_aranges
                0x0000000000000108       0x50 CMakeFiles/main.dir/home/wsl/pico/pico-sdk/src/rp2_common/hardware_sync/sync.c.obj
 .debug_aranges
                0x0000000000000158       0x28 CMakeFiles/main.dir/home/wsl/pico/pico-sdk/src/rp2_common/pico_platform/platform.c.obj
 .debug_aranges
                0x0000000000000180       0xd0 CMakeFiles/main.dir/home/wsl/pico/pico-sdk/src/common/pico_time/time.c.obj
 .debug_aranges
                0x0000000000000250       0x68 CMakeFiles/main.dir/home/wsl/pico/pico-sdk/src/rp2_common/hardware_timer/timer.c.obj
 .debug_aranges
                0x00000000000002b8       0x20 CMakeFiles/main.dir/home/wsl/pico/pico-sdk/src/common/pico_sync/lock_core.c.obj
 .debug_aranges
                0x00000000000002d8       0x48 CMakeFiles/main.dir/home/wsl/pico/pico-sdk/src/common/pico_sync/mutex.c.obj
 .debug_aranges
                0x0000000000000320       0x78 CMakeFiles/main.dir/home/wsl/pico/pico-sdk/src/common/pico_util/pheap.c.obj
 .debug_aranges
                0x0000000000000398       0x60 CMakeFiles/main.dir/home/wsl/pico/pico-sdk/src/rp2_common/pico_runtime/runtime.c.obj
 .debug_aranges
                0x00000000000003f8       0x70 CMakeFiles/main.dir/home/wsl/pico/pico-sdk/src/rp2_common/hardware_clocks/clocks.c.obj
 .debug_aranges
                0x0000000000000468       0x50 CMakeFiles/main.dir/home/wsl/pico/pico-sdk/src/rp2_common/hardware_watchdog/watchdog.c.obj
 .debug_aranges
                0x00000000000004b8       0x30 CMakeFiles/main.dir/home/wsl/pico/pico-sdk/src/rp2_common/hardware_xosc/xosc.c.obj
 .debug_aranges
                0x00000000000004e8       0x28 CMakeFiles/main.dir/home/wsl/pico/pico-sdk/src/rp2_common/hardware_pll/pll.c.obj
 .debug_aranges
                0x0000000000000510       0x90 CMakeFiles/main.dir/home/wsl/pico/pico-sdk/src/rp2_common/hardware_irq/irq.c.obj
 .debug_aranges
                0x00000000000005a0       0x20 CMakeFiles/main.dir/home/wsl/pico/pico-sdk/src/rp2_common/hardware_irq/irq_handler_chain.S.obj
 .debug_aranges
                0x00000000000005c0       0x90 CMakeFiles/main.dir/home/wsl/pico/pico-sdk/src/rp2_common/pico_printf/printf.c.obj
 .debug_aranges
                0x0000000000000650       0x68 CMakeFiles/main.dir/home/wsl/pico/pico-sdk/src/rp2_common/pico_bit_ops/bit_ops_aeabi.S.obj
 .debug_aranges
                0x00000000000006b8       0x30 CMakeFiles/main.dir/home/wsl/pico/pico-sdk/src/rp2_common/pico_bootrom/bootrom.c.obj
 .debug_aranges
                0x00000000000006e8       0x40 CMakeFiles/main.dir/home/wsl/pico/pico-sdk/src/rp2_common/pico_divider/divider.S.obj
 .debug_aranges
                0x0000000000000728      0x140 CMakeFiles/main.dir/home/wsl/pico/pico-sdk/src/rp2_common/pico_double/double_aeabi.S.obj
 .debug_aranges
                0x0000000000000868       0x20 CMakeFiles/main.dir/home/wsl/pico/pico-sdk/src/rp2_common/pico_double/double_init_rom.c.obj
 .debug_aranges
                0x0000000000000888       0xc8 CMakeFiles/main.dir/home/wsl/pico/pico-sdk/src/rp2_common/pico_double/double_v1_rom_shim.S.obj
 .debug_aranges
                0x0000000000000950       0x20 CMakeFiles/main.dir/home/wsl/pico/pico-sdk/src/rp2_common/pico_int64_ops/pico_int64_ops_aeabi.S.obj
 .debug_aranges
                0x0000000000000970      0x130 CMakeFiles/main.dir/home/wsl/pico/pico-sdk/src/rp2_common/pico_float/float_aeabi.S.obj
 .debug_aranges
                0x0000000000000aa0       0x20 CMakeFiles/main.dir/home/wsl/pico/pico-sdk/src/rp2_common/pico_float/float_init_rom.c.obj
 .debug_aranges
                0x0000000000000ac0       0x50 CMakeFiles/main.dir/home/wsl/pico/pico-sdk/src/rp2_common/pico_float/float_v1_rom_shim.S.obj
 .debug_aranges
                0x0000000000000b10       0x38 CMakeFiles/main.dir/home/wsl/pico/pico-sdk/src/rp2_common/pico_mem_ops/mem_ops_aeabi.S.obj
 .debug_aranges
                0x0000000000000b48       0x28 CMakeFiles/main.dir/home/wsl/pico/pico-sdk/src/rp2_common/pico_standard_link/crt0.S.obj
 .debug_aranges
                0x0000000000000b70       0x18 CMakeFiles/main.dir/home/wsl/pico/pico-sdk/src/rp2_common/pico_standard_link/binary_info.c.obj
 .debug_aranges
                0x0000000000000b88       0xb8 CMakeFiles/main.dir/home/wsl/pico/pico-sdk/src/rp2_common/pico_stdio/stdio.c.obj
 .debug_aranges
                0x0000000000000c40       0x20 /usr/lib/gcc/arm-none-eabi/9.2.1/thumb/v6-m/nofp/libgcc.a(_dvmd_tls.o)
 .debug_aranges
                0x0000000000000c60       0x20 /usr/lib/gcc/arm-none-eabi/9.2.1/../../../arm-none-eabi/lib/thumb/v6-m/nofp/libg.a(lib_a-strlen-stub.o)

.debug_ranges   0x0000000000000000     0x2258
 .debug_ranges  0x0000000000000000       0x10 CMakeFiles/main.dir/main.c.obj
 .debug_ranges  0x0000000000000010       0xa8 CMakeFiles/main.dir/home/wsl/pico/pico-sdk/src/rp2_common/hardware_gpio/gpio.c.obj
 .debug_ranges  0x00000000000000b8       0xd8 CMakeFiles/main.dir/home/wsl/pico/pico-sdk/src/rp2_common/hardware_claim/claim.c.obj
 .debug_ranges  0x0000000000000190       0xb8 CMakeFiles/main.dir/home/wsl/pico/pico-sdk/src/rp2_common/hardware_sync/sync.c.obj
 .debug_ranges  0x0000000000000248       0x18 CMakeFiles/main.dir/home/wsl/pico/pico-sdk/src/rp2_common/pico_platform/platform.c.obj
 .debug_ranges  0x0000000000000260      0xa50 CMakeFiles/main.dir/home/wsl/pico/pico-sdk/src/common/pico_time/time.c.obj
 .debug_ranges  0x0000000000000cb0      0x310 CMakeFiles/main.dir/home/wsl/pico/pico-sdk/src/rp2_common/hardware_timer/timer.c.obj
 .debug_ranges  0x0000000000000fc0       0x10 CMakeFiles/main.dir/home/wsl/pico/pico-sdk/src/common/pico_sync/lock_core.c.obj
 .debug_ranges  0x0000000000000fd0      0x3b8 CMakeFiles/main.dir/home/wsl/pico/pico-sdk/src/common/pico_sync/mutex.c.obj
 .debug_ranges  0x0000000000001388      0x230 CMakeFiles/main.dir/home/wsl/pico/pico-sdk/src/common/pico_util/pheap.c.obj
 .debug_ranges  0x00000000000015b8       0x68 CMakeFiles/main.dir/home/wsl/pico/pico-sdk/src/rp2_common/pico_runtime/runtime.c.obj
 .debug_ranges  0x0000000000001620       0x78 CMakeFiles/main.dir/home/wsl/pico/pico-sdk/src/rp2_common/hardware_clocks/clocks.c.obj
 .debug_ranges  0x0000000000001698       0x40 CMakeFiles/main.dir/home/wsl/pico/pico-sdk/src/rp2_common/hardware_watchdog/watchdog.c.obj
 .debug_ranges  0x00000000000016d8       0x20 CMakeFiles/main.dir/home/wsl/pico/pico-sdk/src/rp2_common/hardware_xosc/xosc.c.obj
 .debug_ranges  0x00000000000016f8       0x18 CMakeFiles/main.dir/home/wsl/pico/pico-sdk/src/rp2_common/hardware_pll/pll.c.obj
 .debug_ranges  0x0000000000001710      0x3b0 CMakeFiles/main.dir/home/wsl/pico/pico-sdk/src/rp2_common/hardware_irq/irq.c.obj
 .debug_ranges  0x0000000000001ac0      0x120 CMakeFiles/main.dir/home/wsl/pico/pico-sdk/src/rp2_common/pico_printf/printf.c.obj
 .debug_ranges  0x0000000000001be0       0x60 CMakeFiles/main.dir/home/wsl/pico/pico-sdk/src/rp2_common/pico_bit_ops/bit_ops_aeabi.S.obj
 .debug_ranges  0x0000000000001c40       0x38 CMakeFiles/main.dir/home/wsl/pico/pico-sdk/src/rp2_common/pico_bootrom/bootrom.c.obj
 .debug_ranges  0x0000000000001c78       0x38 CMakeFiles/main.dir/home/wsl/pico/pico-sdk/src/rp2_common/pico_divider/divider.S.obj
 .debug_ranges  0x0000000000001cb0      0x138 CMakeFiles/main.dir/home/wsl/pico/pico-sdk/src/rp2_common/pico_double/double_aeabi.S.obj
 .debug_ranges  0x0000000000001de8       0x30 CMakeFiles/main.dir/home/wsl/pico/pico-sdk/src/rp2_common/pico_double/double_init_rom.c.obj
 .debug_ranges  0x0000000000001e18       0xc0 CMakeFiles/main.dir/home/wsl/pico/pico-sdk/src/rp2_common/pico_double/double_v1_rom_shim.S.obj
 .debug_ranges  0x0000000000001ed8      0x128 CMakeFiles/main.dir/home/wsl/pico/pico-sdk/src/rp2_common/pico_float/float_aeabi.S.obj
 .debug_ranges  0x0000000000002000       0x28 CMakeFiles/main.dir/home/wsl/pico/pico-sdk/src/rp2_common/pico_float/float_init_rom.c.obj
 .debug_ranges  0x0000000000002028       0x48 CMakeFiles/main.dir/home/wsl/pico/pico-sdk/src/rp2_common/pico_float/float_v1_rom_shim.S.obj
 .debug_ranges  0x0000000000002070       0x30 CMakeFiles/main.dir/home/wsl/pico/pico-sdk/src/rp2_common/pico_mem_ops/mem_ops_aeabi.S.obj
 .debug_ranges  0x00000000000020a0       0x20 CMakeFiles/main.dir/home/wsl/pico/pico-sdk/src/rp2_common/pico_standard_link/crt0.S.obj
 .debug_ranges  0x00000000000020c0      0x198 CMakeFiles/main.dir/home/wsl/pico/pico-sdk/src/rp2_common/pico_stdio/stdio.c.obj

.debug_line     0x0000000000000000     0xad70
 .debug_line    0x0000000000000000      0x395 CMakeFiles/main.dir/main.c.obj
 .debug_line    0x0000000000000395      0x80d CMakeFiles/main.dir/home/wsl/pico/pico-sdk/src/rp2_common/hardware_gpio/gpio.c.obj
 .debug_line    0x0000000000000ba2      0x3ce CMakeFiles/main.dir/home/wsl/pico/pico-sdk/src/rp2_common/hardware_claim/claim.c.obj
 .debug_line    0x0000000000000f70      0x360 CMakeFiles/main.dir/home/wsl/pico/pico-sdk/src/rp2_common/hardware_sync/sync.c.obj
 .debug_line    0x00000000000012d0      0x1d8 CMakeFiles/main.dir/home/wsl/pico/pico-sdk/src/rp2_common/pico_platform/platform.c.obj
 .debug_line    0x00000000000014a8     0x1748 CMakeFiles/main.dir/home/wsl/pico/pico-sdk/src/common/pico_time/time.c.obj
 .debug_line    0x0000000000002bf0      0x9c3 CMakeFiles/main.dir/home/wsl/pico/pico-sdk/src/rp2_common/hardware_timer/timer.c.obj
 .debug_line    0x00000000000035b3      0x19b CMakeFiles/main.dir/home/wsl/pico/pico-sdk/src/common/pico_sync/lock_core.c.obj
 .debug_line    0x000000000000374e      0x741 CMakeFiles/main.dir/home/wsl/pico/pico-sdk/src/common/pico_sync/mutex.c.obj
 .debug_line    0x0000000000003e8f      0x871 CMakeFiles/main.dir/home/wsl/pico/pico-sdk/src/common/pico_util/pheap.c.obj
 .debug_line    0x0000000000004700      0x7c2 CMakeFiles/main.dir/home/wsl/pico/pico-sdk/src/rp2_common/pico_runtime/runtime.c.obj
 .debug_line    0x0000000000004ec2      0x99a CMakeFiles/main.dir/home/wsl/pico/pico-sdk/src/rp2_common/hardware_clocks/clocks.c.obj
 .debug_line    0x000000000000585c      0x3a3 CMakeFiles/main.dir/home/wsl/pico/pico-sdk/src/rp2_common/hardware_watchdog/watchdog.c.obj
 .debug_line    0x0000000000005bff      0x22c CMakeFiles/main.dir/home/wsl/pico/pico-sdk/src/rp2_common/hardware_xosc/xosc.c.obj
 .debug_line    0x0000000000005e2b      0x345 CMakeFiles/main.dir/home/wsl/pico/pico-sdk/src/rp2_common/hardware_pll/pll.c.obj
 .debug_line    0x0000000000006170      0xd6e CMakeFiles/main.dir/home/wsl/pico/pico-sdk/src/rp2_common/hardware_irq/irq.c.obj
 .debug_line    0x0000000000006ede       0x81 CMakeFiles/main.dir/home/wsl/pico/pico-sdk/src/rp2_common/hardware_irq/irq_handler_chain.S.obj
 .debug_line    0x0000000000006f5f     0x116d CMakeFiles/main.dir/home/wsl/pico/pico-sdk/src/rp2_common/pico_printf/printf.c.obj
 .debug_line    0x00000000000080cc      0x144 CMakeFiles/main.dir/home/wsl/pico/pico-sdk/src/rp2_common/pico_bit_ops/bit_ops_aeabi.S.obj
 .debug_line    0x0000000000008210      0x158 CMakeFiles/main.dir/home/wsl/pico/pico-sdk/src/rp2_common/pico_bootrom/bootrom.c.obj
 .debug_line    0x0000000000008368      0x2c5 CMakeFiles/main.dir/home/wsl/pico/pico-sdk/src/rp2_common/pico_divider/divider.S.obj
 .debug_line    0x000000000000862d      0x3fe CMakeFiles/main.dir/home/wsl/pico/pico-sdk/src/rp2_common/pico_double/double_aeabi.S.obj